Archive member included to satisfy reference by file (symbol)

/home/seradya/toolchains/gcc-arm-none-eabi-10.3-2021.10/bin/../lib/gcc/arm-none-eabi/10.3.1/../../../../arm-none-eabi/lib/thumb/v7-m/nofp/libc_nano.a(lib_a-exit.o)
                              /home/seradya/toolchains/gcc-arm-none-eabi-10.3-2021.10/bin/../lib/gcc/arm-none-eabi/10.3.1/../../../../arm-none-eabi/lib/thumb/v7-m/nofp/crt0.o (exit)
/home/seradya/toolchains/gcc-arm-none-eabi-10.3-2021.10/bin/../lib/gcc/arm-none-eabi/10.3.1/../../../../arm-none-eabi/lib/thumb/v7-m/nofp/libc_nano.a(lib_a-impure.o)
                              /home/seradya/toolchains/gcc-arm-none-eabi-10.3-2021.10/bin/../lib/gcc/arm-none-eabi/10.3.1/../../../../arm-none-eabi/lib/thumb/v7-m/nofp/libc_nano.a(lib_a-exit.o) (_global_impure_ptr)
/home/seradya/toolchains/gcc-arm-none-eabi-10.3-2021.10/bin/../lib/gcc/arm-none-eabi/10.3.1/../../../../arm-none-eabi/lib/thumb/v7-m/nofp/libc_nano.a(lib_a-init.o)
                              /home/seradya/toolchains/gcc-arm-none-eabi-10.3-2021.10/bin/../lib/gcc/arm-none-eabi/10.3.1/../../../../arm-none-eabi/lib/thumb/v7-m/nofp/crt0.o (__libc_init_array)
/home/seradya/toolchains/gcc-arm-none-eabi-10.3-2021.10/bin/../lib/gcc/arm-none-eabi/10.3.1/../../../../arm-none-eabi/lib/thumb/v7-m/nofp/libc_nano.a(lib_a-memset.o)
                              /home/seradya/toolchains/gcc-arm-none-eabi-10.3-2021.10/bin/../lib/gcc/arm-none-eabi/10.3.1/../../../../arm-none-eabi/lib/thumb/v7-m/nofp/crt0.o (memset)
/home/seradya/toolchains/gcc-arm-none-eabi-10.3-2021.10/bin/../lib/gcc/arm-none-eabi/10.3.1/../../../../arm-none-eabi/lib/thumb/v7-m/nofp/libc_nano.a(lib_a-sprintf.o)
                              build/main.o (sprintf)
/home/seradya/toolchains/gcc-arm-none-eabi-10.3-2021.10/bin/../lib/gcc/arm-none-eabi/10.3.1/../../../../arm-none-eabi/lib/thumb/v7-m/nofp/libc_nano.a(lib_a-strlen.o)
                              build/main.o (strlen)
/home/seradya/toolchains/gcc-arm-none-eabi-10.3-2021.10/bin/../lib/gcc/arm-none-eabi/10.3.1/../../../../arm-none-eabi/lib/thumb/v7-m/nofp/libc_nano.a(lib_a-nano-svfprintf.o)
                              /home/seradya/toolchains/gcc-arm-none-eabi-10.3-2021.10/bin/../lib/gcc/arm-none-eabi/10.3.1/../../../../arm-none-eabi/lib/thumb/v7-m/nofp/libc_nano.a(lib_a-sprintf.o) (_svfprintf_r)
/home/seradya/toolchains/gcc-arm-none-eabi-10.3-2021.10/bin/../lib/gcc/arm-none-eabi/10.3.1/../../../../arm-none-eabi/lib/thumb/v7-m/nofp/libc_nano.a(lib_a-nano-vfprintf_i.o)
                              /home/seradya/toolchains/gcc-arm-none-eabi-10.3-2021.10/bin/../lib/gcc/arm-none-eabi/10.3.1/../../../../arm-none-eabi/lib/thumb/v7-m/nofp/libc_nano.a(lib_a-nano-svfprintf.o) (_printf_i)
/home/seradya/toolchains/gcc-arm-none-eabi-10.3-2021.10/bin/../lib/gcc/arm-none-eabi/10.3.1/../../../../arm-none-eabi/lib/thumb/v7-m/nofp/libc_nano.a(lib_a-memchr-stub.o)
                              /home/seradya/toolchains/gcc-arm-none-eabi-10.3-2021.10/bin/../lib/gcc/arm-none-eabi/10.3.1/../../../../arm-none-eabi/lib/thumb/v7-m/nofp/libc_nano.a(lib_a-nano-svfprintf.o) (memchr)
/home/seradya/toolchains/gcc-arm-none-eabi-10.3-2021.10/bin/../lib/gcc/arm-none-eabi/10.3.1/../../../../arm-none-eabi/lib/thumb/v7-m/nofp/libc_nano.a(lib_a-memcpy-stub.o)
                              /home/seradya/toolchains/gcc-arm-none-eabi-10.3-2021.10/bin/../lib/gcc/arm-none-eabi/10.3.1/../../../../arm-none-eabi/lib/thumb/v7-m/nofp/libc_nano.a(lib_a-nano-svfprintf.o) (memcpy)
/home/seradya/toolchains/gcc-arm-none-eabi-10.3-2021.10/bin/../lib/gcc/arm-none-eabi/10.3.1/../../../../arm-none-eabi/lib/thumb/v7-m/nofp/libc_nano.a(lib_a-memmove.o)
                              /home/seradya/toolchains/gcc-arm-none-eabi-10.3-2021.10/bin/../lib/gcc/arm-none-eabi/10.3.1/../../../../arm-none-eabi/lib/thumb/v7-m/nofp/libc_nano.a(lib_a-nano-svfprintf.o) (memmove)
/home/seradya/toolchains/gcc-arm-none-eabi-10.3-2021.10/bin/../lib/gcc/arm-none-eabi/10.3.1/../../../../arm-none-eabi/lib/thumb/v7-m/nofp/libc_nano.a(lib_a-nano-freer.o)
                              /home/seradya/toolchains/gcc-arm-none-eabi-10.3-2021.10/bin/../lib/gcc/arm-none-eabi/10.3.1/../../../../arm-none-eabi/lib/thumb/v7-m/nofp/libc_nano.a(lib_a-nano-svfprintf.o) (_free_r)
/home/seradya/toolchains/gcc-arm-none-eabi-10.3-2021.10/bin/../lib/gcc/arm-none-eabi/10.3.1/../../../../arm-none-eabi/lib/thumb/v7-m/nofp/libc_nano.a(lib_a-nano-mallocr.o)
                              /home/seradya/toolchains/gcc-arm-none-eabi-10.3-2021.10/bin/../lib/gcc/arm-none-eabi/10.3.1/../../../../arm-none-eabi/lib/thumb/v7-m/nofp/libc_nano.a(lib_a-nano-svfprintf.o) (_malloc_r)
/home/seradya/toolchains/gcc-arm-none-eabi-10.3-2021.10/bin/../lib/gcc/arm-none-eabi/10.3.1/../../../../arm-none-eabi/lib/thumb/v7-m/nofp/libc_nano.a(lib_a-nano-reallocr.o)
[...]
Memory Configuration

Name             Origin             Length             Attributes
RAM              0x0000000020000000 0x0000000000005000 xrw
FLASH            0x0000000008000000 0x0000000000010000 xr
*default*        0x0000000000000000 0xffffffffffffffff

Linker script and memory map

LOAD /home/seradya/toolchains/gcc-arm-none-eabi-10.3-2021.10/bin/../lib/gcc/arm-none-eabi/10.3.1/thumb/v7-m/nofp/crti.o
LOAD /home/seradya/toolchains/gcc-arm-none-eabi-10.3-2021.10/bin/../lib/gcc/arm-none-eabi/10.3.1/thumb/v7-m/nofp/crtbegin.o
LOAD /home/seradya/toolchains/gcc-arm-none-eabi-10.3-2021.10/bin/../lib/gcc/arm-none-eabi/10.3.1/../../../../arm-none-eabi/lib/thumb/v7-m/nofp/crt0.o
LOAD build/main.o
LOAD build/stm32f1xx_it.o
LOAD build/stm32f1xx_hal_msp.o
LOAD build/stm32f1xx_hal_gpio_ex.o
LOAD build/stm32f1xx_hal_spi.o
LOAD build/stm32f1xx_hal.o
LOAD build/stm32f1xx_hal_rcc.o
LOAD build/stm32f1xx_hal_rcc_ex.o
LOAD build/stm32f1xx_hal_gpio.o
LOAD build/stm32f1xx_hal_dma.o
LOAD build/stm32f1xx_hal_cortex.o
LOAD build/stm32f1xx_hal_pwr.o
LOAD build/stm32f1xx_hal_flash.o
LOAD build/stm32f1xx_hal_flash_ex.o
LOAD build/stm32f1xx_hal_exti.o
LOAD build/stm32f1xx_hal_tim.o
LOAD build/stm32f1xx_hal_tim_ex.o
LOAD build/system_stm32f1xx.o
LOAD build/gpio.o
LOAD build/spi.o
LOAD build/usart.o
LOAD build/AD7794.o
LOAD build/stm32f1xx_hal_uart.o
LOAD build/startup_stm32f103xb.o
LOAD /home/seradya/toolchains/gcc-arm-none-eabi-10.3-2021.10/bin/../lib/gcc/arm-none-eabi/10.3.1/../../../../arm-none-eabi/lib/thumb/v7-m/nofp/libc_nano.a
LOAD /home/seradya/toolchains/gcc-arm-none-eabi-10.3-2021.10/bin/../lib/gcc/arm-none-eabi/10.3.1/../../../../arm-none-eabi/lib/thumb/v7-m/nofp/libm.a
LOAD /home/seradya/toolchains/gcc-arm-none-eabi-10.3-2021.10/bin/../lib/gcc/arm-none-eabi/10.3.1/../../../../arm-none-eabi/lib/thumb/v7-m/nofp/libnosys.a
START GROUP
LOAD /home/seradya/toolchains/gcc-arm-none-eabi-10.3-2021.10/bin/../lib/gcc/arm-none-eabi/10.3.1/thumb/v7-m/nofp/libgcc.a
LOAD /home/seradya/toolchains/gcc-arm-none-eabi-10.3-2021.10/bin/../lib/gcc/arm-none-eabi/10.3.1/../../../../arm-none-eabi/lib/thumb/v7-m/nofp/libc_nano.a
END GROUP
START GROUP
LOAD /home/seradya/toolchains/gcc-arm-none-eabi-10.3-2021.10/bin/../lib/gcc/arm-none-eabi/10.3.1/thumb/v7-m/nofp/libgcc.a
LOAD /home/seradya/toolchains/gcc-arm-none-eabi-10.3-2021.10/bin/../lib/gcc/arm-none-eabi/10.3.1/../../../../arm-none-eabi/lib/thumb/v7-m/nofp/libc_nano.a
END GROUP
LOAD /home/seradya/toolchains/gcc-arm-none-eabi-10.3-2021.10/bin/../lib/gcc/arm-none-eabi/10.3.1/thumb/v7-m/nofp/crtend.o
LOAD /home/seradya/toolchains/gcc-arm-none-eabi-10.3-2021.10/bin/../lib/gcc/arm-none-eabi/10.3.1/thumb/v7-m/nofp/crtn.o
                0x0000000020005000                _estack = (ORIGIN (RAM) + LENGTH (RAM))
                0x0000000000000200                _Min_Heap_Size = 0x200
                0x0000000000000400                _Min_Stack_Size = 0x400

.isr_vector     0x0000000008000000      0x10c
                0x0000000008000000                . = ALIGN (0x4)
 *(.isr_vector)
 .isr_vector    0x0000000008000000      0x10c build/startup_stm32f103xb.o
                0x0000000008000000                g_pfnVectors
                0x000000000800010c                . = ALIGN (0x4)

.text           0x000000000800010c     0x2af8
                0x000000000800010c                . = ALIGN (0x4)
 *(.text)
 .text          0x000000000800010c       0x40 /home/seradya/toolchains/gcc-arm-none-eabi-10.3-2021.10/bin/../lib/gcc/arm-none-eabi/10.3.1/thumb/v7-m/nofp/crtbegin.o
 .text          0x000000000800014c       0x10 /home/seradya/toolchains/gcc-arm-none-eabi-10.3-2021.10/bin/../lib/gcc/arm-none-eabi/10.3.1/../../../../arm-none-eabi/lib/thumb/v7-m/nofp/libc_nano.a(lib_a-strlen.o)
                0x000000000800014c                strlen
 *(.text*)
 .text.Error_Handler
                0x000000000800015c        0x4 build/main.o
                0x000000000800015c                Error_Handler
 .text.SystemClock_Config
                0x0000000008000160       0x64 build/main.o
                0x0000000008000160                SystemClock_Config
 .text.main     0x00000000080001c4       0xc4 build/main.o
                0x00000000080001c4                main
 .text.NMI_Handler
                0x0000000008000288        0x2 build/stm32f1xx_it.o
                0x0000000008000288                NMI_Handler
 .text.HardFault_Handler
                0x000000000800028a        0x2 build/stm32f1xx_it.o
                0x000000000800028a                HardFault_Handler
 .text.MemManage_Handler
                0x000000000800028c        0x2 build/stm32f1xx_it.o
                0x000000000800028c                MemManage_Handler
 .text.BusFault_Handler
                0x000000000800028e        0x2 build/stm32f1xx_it.o
                0x000000000800028e                BusFault_Handler
 .text.UsageFault_Handler
                0x0000000008000290        0x2 build/stm32f1xx_it.o
                0x0000000008000290                UsageFault_Handler
 .text.SVC_Handler
                0x0000000008000292        0x2 build/stm32f1xx_it.o
                0x0000000008000292                SVC_Handler
 .text.DebugMon_Handler
                0x0000000008000294        0x2 build/stm32f1xx_it.o
                0x0000000008000294                DebugMon_Handler
 .text.PendSV_Handler
                0x0000000008000296        0x2 build/stm32f1xx_it.o
                0x0000000008000296                PendSV_Handler
 .text.SysTick_Handler
                0x0000000008000298        0x8 build/stm32f1xx_it.o
                0x0000000008000298                SysTick_Handler
 .text.USART1_IRQHandler
                0x00000000080002a0       0x10 build/stm32f1xx_it.o
                0x00000000080002a0                USART1_IRQHandler
 .text.HAL_MspInit
                0x00000000080002b0       0x44 build/stm32f1xx_hal_msp.o
                0x00000000080002b0                HAL_MspInit
 .text.SPI_WaitFlagStateUntilTimeout
                0x00000000080002f4       0xd4 build/stm32f1xx_hal_spi.o
 .text.SPI_EndRxTxTransaction
                0x00000000080003c8       0x24 build/stm32f1xx_hal_spi.o
 .text.SPI_EndRxTransaction
                0x00000000080003ec       0x74 build/stm32f1xx_hal_spi.o
 .text.HAL_SPI_Init
                0x0000000008000460       0xb6 build/stm32f1xx_hal_spi.o
                0x0000000008000460                HAL_SPI_Init
 .text.HAL_SPI_Transmit
                0x0000000008000516      0x1b8 build/stm32f1xx_hal_spi.o
                0x0000000008000516                HAL_SPI_Transmit
 .text.HAL_SPI_TransmitReceive
                0x00000000080006ce      0x244 build/stm32f1xx_hal_spi.o
                0x00000000080006ce                HAL_SPI_TransmitReceive
 .text.HAL_SPI_Receive
                0x0000000008000912      0x17e build/stm32f1xx_hal_spi.o
                0x0000000008000912                HAL_SPI_Receive
 .text.HAL_InitTick
                0x0000000008000a90       0x4c build/stm32f1xx_hal.o
                0x0000000008000a90                HAL_InitTick
 .text.HAL_Init
                0x0000000008000adc       0x24 build/stm32f1xx_hal.o
                0x0000000008000adc                HAL_Init
 .text.HAL_IncTick
                0x0000000008000b00       0x18 build/stm32f1xx_hal.o
                0x0000000008000b00                HAL_IncTick
 .text.HAL_GetTick
                0x0000000008000b18        0xc build/stm32f1xx_hal.o
                0x0000000008000b18                HAL_GetTick
 .text.HAL_Delay
                0x0000000008000b24       0x28 build/stm32f1xx_hal.o
                0x0000000008000b24                HAL_Delay
 .text.RCC_Delay
                0x0000000008000b4c       0x2c build/stm32f1xx_hal_rcc.o
 .text.HAL_RCC_OscConfig
                0x0000000008000b78      0x410 build/stm32f1xx_hal_rcc.o
                0x0000000008000b78                HAL_RCC_OscConfig
 .text.HAL_RCC_GetSysClockFreq
                0x0000000008000f88       0x54 build/stm32f1xx_hal_rcc.o
                0x0000000008000f88                HAL_RCC_GetSysClockFreq
 .text.HAL_RCC_ClockConfig
                0x0000000008000fdc      0x16c build/stm32f1xx_hal_rcc.o
                0x0000000008000fdc                HAL_RCC_ClockConfig
 .text.HAL_RCC_GetHCLKFreq
                0x0000000008001148        0xc build/stm32f1xx_hal_rcc.o
                0x0000000008001148                HAL_RCC_GetHCLKFreq
 .text.HAL_RCC_GetPCLK1Freq
                0x0000000008001154       0x20 build/stm32f1xx_hal_rcc.o
                0x0000000008001154                HAL_RCC_GetPCLK1Freq
 .text.HAL_RCC_GetPCLK2Freq
                0x0000000008001174       0x20 build/stm32f1xx_hal_rcc.o
                0x0000000008001174                HAL_RCC_GetPCLK2Freq
 .text.HAL_GPIO_Init
                0x0000000008001194      0x224 build/stm32f1xx_hal_gpio.o
                0x0000000008001194                HAL_GPIO_Init
 .text.HAL_DMA_Abort
                0x00000000080013b8       0x46 build/stm32f1xx_hal_dma.o
                0x00000000080013b8                HAL_DMA_Abort
 *fill*         0x00000000080013fe        0x2 
 .text.HAL_DMA_Abort_IT
                0x0000000008001400       0x98 build/stm32f1xx_hal_dma.o
                0x0000000008001400                HAL_DMA_Abort_IT
 .text.HAL_NVIC_SetPriorityGrouping
                0x0000000008001498       0x24 build/stm32f1xx_hal_cortex.o
                0x0000000008001498                HAL_NVIC_SetPriorityGrouping
 .text.HAL_NVIC_SetPriority
                0x00000000080014bc       0x70 build/stm32f1xx_hal_cortex.o
                0x00000000080014bc                HAL_NVIC_SetPriority
 .text.HAL_NVIC_EnableIRQ
                0x000000000800152c       0x1c build/stm32f1xx_hal_cortex.o
                0x000000000800152c                HAL_NVIC_EnableIRQ
 .text.HAL_SYSTICK_Config
                0x0000000008001548       0x28 build/stm32f1xx_hal_cortex.o
                0x0000000008001548                HAL_SYSTICK_Config
 .text.SystemInit
                0x0000000008001570        0x2 build/system_stm32f1xx.o
                0x0000000008001570                SystemInit
 *fill*         0x0000000008001572        0x2 
 .text.MX_GPIO_Init
                0x0000000008001574       0x44 build/gpio.o
                0x0000000008001574                MX_GPIO_Init
 .text.MX_SPI1_Init
                0x00000000080015b8       0x48 build/spi.o
                0x00000000080015b8                MX_SPI1_Init
 .text.HAL_SPI_MspInit
                0x0000000008001600       0x74 build/spi.o
                0x0000000008001600                HAL_SPI_MspInit
 .text.MX_USART1_UART_Init
                0x0000000008001674       0x34 build/usart.o
                0x0000000008001674                MX_USART1_UART_Init
 .text.HAL_UART_MspInit
                0x00000000080016a8       0x88 build/usart.o
                0x00000000080016a8                HAL_UART_MspInit
 .text.Read_8bit
                0x0000000008001730       0x3c build/AD7794.o
                0x0000000008001730                Read_8bit
 .text.Read_16bit
                0x000000000800176c       0x48 build/AD7794.o
                0x000000000800176c                Read_16bit
 .text.Read_24bit
                0x00000000080017b4       0x50 build/AD7794.o
                0x00000000080017b4                Read_24bit
 .text.Write_8bit
                0x0000000008001804       0x38 build/AD7794.o
                0x0000000008001804                Write_8bit
 .text.Write_16bit
                0x000000000800183c       0x3c build/AD7794.o
                0x000000000800183c                Write_16bit
 .text.Reg16_Set
                0x0000000008001878       0x10 build/AD7794.o
                0x0000000008001878                Reg16_Set
 .text.Reg16_Reset
                0x0000000008001888        0xa build/AD7794.o
                0x0000000008001888                Reg16_Reset
 .text.Reg8_Reset
                0x0000000008001892        0xa build/AD7794.o
                0x0000000008001892                Reg8_Reset
 .text.AD7794_Init
                0x000000000800189c       0xc0 build/AD7794.o
                0x000000000800189c                AD7794_Init
 .text.AD7794_Single_Conversion
                0x000000000800195c       0xf4 build/AD7794.o
                0x000000000800195c                AD7794_Single_Conversion
 .text.Read_All_Regs
                0x0000000008001a50      0x150 build/AD7794.o
                0x0000000008001a50                Read_All_Regs
 .text.UART_EndRxTransfer
                0x0000000008001ba0       0x5c build/stm32f1xx_hal_uart.o
 .text.UART_Transmit_IT
                0x0000000008001bfc       0x60 build/stm32f1xx_hal_uart.o
 .text.UART_SetConfig
                0x0000000008001c5c       0x94 build/stm32f1xx_hal_uart.o
 .text.UART_WaitOnFlagUntilTimeout
                0x0000000008001cf0       0x88 build/stm32f1xx_hal_uart.o
 .text.HAL_UART_Init
                0x0000000008001d78       0x60 build/stm32f1xx_hal_uart.o
                0x0000000008001d78                HAL_UART_Init
 .text.HAL_UART_Transmit
                0x0000000008001dd8       0xbe build/stm32f1xx_hal_uart.o
                0x0000000008001dd8                HAL_UART_Transmit
 .text.HAL_UART_TxCpltCallback
                0x0000000008001e96        0x2 build/stm32f1xx_hal_uart.o
                0x0000000008001e96                HAL_UART_TxCpltCallback
 .text.UART_EndTransmit_IT
                0x0000000008001e98       0x1a build/stm32f1xx_hal_uart.o
 .text.HAL_UART_RxCpltCallback
                0x0000000008001eb2        0x2 build/stm32f1xx_hal_uart.o
                0x0000000008001eb2                HAL_UART_RxCpltCallback
 .text.HAL_UART_ErrorCallback
                0x0000000008001eb4        0x2 build/stm32f1xx_hal_uart.o
                0x0000000008001eb4                HAL_UART_ErrorCallback
 .text.UART_DMAAbortOnError
                0x0000000008001eb6       0x10 build/stm32f1xx_hal_uart.o
 .text.HAL_UARTEx_RxEventCallback
                0x0000000008001ec6        0x2 build/stm32f1xx_hal_uart.o
                0x0000000008001ec6                HAL_UARTEx_RxEventCallback
 .text.UART_Receive_IT
                0x0000000008001ec8       0xe6 build/stm32f1xx_hal_uart.o
 *fill*         0x0000000008001fae        0x2 
 .text.HAL_UART_IRQHandler
                0x0000000008001fb0      0x288 build/stm32f1xx_hal_uart.o
                0x0000000008001fb0                HAL_UART_IRQHandler
 .text.Reset_Handler
                0x0000000008002238       0x48 build/startup_stm32f103xb.o
                0x0000000008002238                Reset_Handler
 .text.Default_Handler
                0x0000000008002280        0x2 build/startup_stm32f103xb.o
                0x0000000008002280                RTC_Alarm_IRQHandler
                0x0000000008002280                EXTI2_IRQHandler
                0x0000000008002280                TIM1_CC_IRQHandler
                0x0000000008002280                PVD_IRQHandler
                0x0000000008002280                EXTI3_IRQHandler
                0x0000000008002280                EXTI0_IRQHandler
                0x0000000008002280                I2C2_EV_IRQHandler
                0x0000000008002280                ADC1_2_IRQHandler
                0x0000000008002280                SPI1_IRQHandler
                0x0000000008002280                TAMPER_IRQHandler
                0x0000000008002280                DMA1_Channel4_IRQHandler
                0x0000000008002280                USART3_IRQHandler
                0x0000000008002280                RTC_IRQHandler
                0x0000000008002280                DMA1_Channel7_IRQHandler
                0x0000000008002280                CAN1_RX1_IRQHandler
                0x0000000008002280                TIM4_IRQHandler
                0x0000000008002280                I2C1_EV_IRQHandler
                0x0000000008002280                DMA1_Channel6_IRQHandler
                0x0000000008002280                TIM3_IRQHandler
                0x0000000008002280                RCC_IRQHandler
                0x0000000008002280                TIM1_TRG_COM_IRQHandler
                0x0000000008002280                DMA1_Channel1_IRQHandler
                0x0000000008002280                Default_Handler
                0x0000000008002280                EXTI15_10_IRQHandler
                0x0000000008002280                EXTI9_5_IRQHandler
                0x0000000008002280                SPI2_IRQHandler
                0x0000000008002280                DMA1_Channel5_IRQHandler
                0x0000000008002280                EXTI4_IRQHandler
                0x0000000008002280                USB_LP_CAN1_RX0_IRQHandler
                0x0000000008002280                USB_HP_CAN1_TX_IRQHandler
                0x0000000008002280                DMA1_Channel3_IRQHandler
                0x0000000008002280                TIM1_UP_IRQHandler
                0x0000000008002280                WWDG_IRQHandler
                0x0000000008002280                TIM2_IRQHandler
                0x0000000008002280                TIM1_BRK_IRQHandler
                0x0000000008002280                EXTI1_IRQHandler
                0x0000000008002280                USART2_IRQHandler
                0x0000000008002280                I2C2_ER_IRQHandler
                0x0000000008002280                DMA1_Channel2_IRQHandler
                0x0000000008002280                CAN1_SCE_IRQHandler
                0x0000000008002280                FLASH_IRQHandler
                0x0000000008002280                I2C1_ER_IRQHandler
                0x0000000008002280                USBWakeUp_IRQHandler
 *fill*         0x0000000008002282        0x2 
 .text.__libc_init_array
                0x0000000008002284       0x48 /home/seradya/toolchains/gcc-arm-none-eabi-10.3-2021.10/bin/../lib/gcc/arm-none-eabi/10.3.1/../../../../arm-none-eabi/lib/thumb/v7-m/nofp/libc_nano.a(lib_a-init.o)
                0x0000000008002284                __libc_init_array
 .text.memset   0x00000000080022cc       0x10 /home/seradya/toolchains/gcc-arm-none-eabi-10.3-2021.10/bin/../lib/gcc/arm-none-eabi/10.3.1/../../../../arm-none-eabi/lib/thumb/v7-m/nofp/libc_nano.a(lib_a-memset.o)
                0x00000000080022cc                memset
 .text.sprintf  0x00000000080022dc       0x40 /home/seradya/toolchains/gcc-arm-none-eabi-10.3-2021.10/bin/../lib/gcc/arm-none-eabi/10.3.1/../../../../arm-none-eabi/lib/thumb/v7-m/nofp/libc_nano.a(lib_a-sprintf.o)
                0x00000000080022dc                sprintf
                0x00000000080022dc                siprintf
 .text.__ssputs_r
                0x000000000800231c       0xb6 /home/seradya/toolchains/gcc-arm-none-eabi-10.3-2021.10/bin/../lib/gcc/arm-none-eabi/10.3.1/../../../../arm-none-eabi/lib/thumb/v7-m/nofp/libc_nano.a(lib_a-nano-svfprintf.o)
                0x000000000800231c                __ssputs_r
 *fill*         0x00000000080023d2        0x2 
 .text._svfprintf_r
                0x00000000080023d4      0x200 /home/seradya/toolchains/gcc-arm-none-eabi-10.3-2021.10/bin/../lib/gcc/arm-none-eabi/10.3.1/../../../../arm-none-eabi/lib/thumb/v7-m/nofp/libc_nano.a(lib_a-nano-svfprintf.o)
                0x00000000080023d4                _svfprintf_r
                0x00000000080023d4                _svfiprintf_r
 .text._printf_common
                0x00000000080025d4       0xde /home/seradya/toolchains/gcc-arm-none-eabi-10.3-2021.10/bin/../lib/gcc/arm-none-eabi/10.3.1/../../../../arm-none-eabi/lib/thumb/v7-m/nofp/libc_nano.a(lib_a-nano-vfprintf_i.o)
                0x00000000080025d4                _printf_common
 *fill*         0x00000000080026b2        0x2 
 .text._printf_i
                0x00000000080026b4      0x24c /home/seradya/toolchains/gcc-arm-none-eabi-10.3-2021.10/bin/../lib/gcc/arm-none-eabi/10.3.1/../../../../arm-none-eabi/lib/thumb/v7-m/nofp/libc_nano.a(lib_a-nano-vfprintf_i.o)
                0x00000000080026b4                _printf_i
 .text.memchr   0x0000000008002900       0x1c /home/seradya/toolchains/gcc-arm-none-eabi-10.3-2021.10/bin/../lib/gcc/arm-none-eabi/10.3.1/../../../../arm-none-eabi/lib/thumb/v7-m/nofp/libc_nano.a(lib_a-memchr-stub.o)
                0x0000000008002900                memchr
 .text.memcpy   0x000000000800291c       0x1c /home/seradya/toolchains/gcc-arm-none-eabi-10.3-2021.10/bin/../lib/gcc/arm-none-eabi/10.3.1/../../../../arm-none-eabi/lib/thumb/v7-m/nofp/libc_nano.a(lib_a-memcpy-stub.o)
                0x000000000800291c                memcpy
 .text.memmove  0x0000000008002938       0x34 /home/seradya/toolchains/gcc-arm-none-eabi-10.3-2021.10/bin/../lib/gcc/arm-none-eabi/10.3.1/../../../../arm-none-eabi/lib/thumb/v7-m/nofp/libc_nano.a(lib_a-memmove.o)
                0x0000000008002938                memmove
 .text._free_r  0x000000000800296c       0x90 /home/seradya/toolchains/gcc-arm-none-eabi-10.3-2021.10/bin/../lib/gcc/arm-none-eabi/10.3.1/../../../../arm-none-eabi/lib/thumb/v7-m/nofp/libc_nano.a(lib_a-nano-freer.o)
                0x000000000800296c                _free_r
 .text.sbrk_aligned
                0x00000000080029fc       0x40 /home/seradya/toolchains/gcc-arm-none-eabi-10.3-2021.10/bin/../lib/gcc/arm-none-eabi/10.3.1/../../../../arm-none-eabi/lib/thumb/v7-m/nofp/libc_nano.a(lib_a-nano-mallocr.o)
 .text._malloc_r
                0x0000000008002a3c       0xe8 /home/seradya/toolchains/gcc-arm-none-eabi-10.3-2021.10/bin/../lib/gcc/arm-none-eabi/10.3.1/../../../../arm-none-eabi/lib/thumb/v7-m/nofp/libc_nano.a(lib_a-nano-mallocr.o)
                0x0000000008002a3c                _malloc_r
 .text._realloc_r
                0x0000000008002b24       0x5e /home/seradya/toolchains/gcc-arm-none-eabi-10.3-2021.10/bin/../lib/gcc/arm-none-eabi/10.3.1/../../../../arm-none-eabi/lib/thumb/v7-m/nofp/libc_nano.a(lib_a-nano-reallocr.o)
                0x0000000008002b24                _realloc_r
 *fill*         0x0000000008002b82        0x2 
 .text._sbrk_r  0x0000000008002b84       0x20 /home/seradya/toolchains/gcc-arm-none-eabi-10.3-2021.10/bin/../lib/gcc/arm-none-eabi/10.3.1/../../../../arm-none-eabi/lib/thumb/v7-m/nofp/libc_nano.a(lib_a-sbrkr.o)
                0x0000000008002b84                _sbrk_r
 .text.__malloc_lock
                0x0000000008002ba4        0xc /home/seradya/toolchains/gcc-arm-none-eabi-10.3-2021.10/bin/../lib/gcc/arm-none-eabi/10.3.1/../../../../arm-none-eabi/lib/thumb/v7-m/nofp/libc_nano.a(lib_a-mlock.o)
                0x0000000008002ba4                __malloc_lock
 .text.__malloc_unlock
                0x0000000008002bb0        0xc /home/seradya/toolchains/gcc-arm-none-eabi-10.3-2021.10/bin/../lib/gcc/arm-none-eabi/10.3.1/../../../../arm-none-eabi/lib/thumb/v7-m/nofp/libc_nano.a(lib_a-mlock.o)
                0x0000000008002bb0                __malloc_unlock
 .text._malloc_usable_size_r
                0x0000000008002bbc       0x10 /home/seradya/toolchains/gcc-arm-none-eabi-10.3-2021.10/bin/../lib/gcc/arm-none-eabi/10.3.1/../../../../arm-none-eabi/lib/thumb/v7-m/nofp/libc_nano.a(lib_a-nano-msizer.o)
                0x0000000008002bbc                _malloc_usable_size_r
 .text.__retarget_lock_acquire_recursive
                0x0000000008002bcc        0x2 /home/seradya/toolchains/gcc-arm-none-eabi-10.3-2021.10/bin/../lib/gcc/arm-none-eabi/10.3.1/../../../../arm-none-eabi/lib/thumb/v7-m/nofp/libc_nano.a(lib_a-lock.o)
                0x0000000008002bcc                __retarget_lock_acquire_recursive
 .text.__retarget_lock_release_recursive
                0x0000000008002bce        0x2 /home/seradya/toolchains/gcc-arm-none-eabi-10.3-2021.10/bin/../lib/gcc/arm-none-eabi/10.3.1/../../../../arm-none-eabi/lib/thumb/v7-m/nofp/libc_nano.a(lib_a-lock.o)
                0x0000000008002bce                __retarget_lock_release_recursive
 .text._sbrk    0x0000000008002bd0       0x1c /home/seradya/toolchains/gcc-arm-none-eabi-10.3-2021.10/bin/../lib/gcc/arm-none-eabi/10.3.1/../../../../arm-none-eabi/lib/thumb/v7-m/nofp/libnosys.a(sbrk.o)
                0x0000000008002bd0                _sbrk
 *(.glue_7)
 .glue_7        0x0000000008002bec        0x0 linker stubs
 *(.glue_7t)
 .glue_7t       0x0000000008002bec        0x0 linker stubs
 *(.eh_frame)
 .eh_frame      0x0000000008002bec        0x0 /home/seradya/toolchains/gcc-arm-none-eabi-10.3-2021.10/bin/../lib/gcc/arm-none-eabi/10.3.1/thumb/v7-m/nofp/crtbegin.o
 *(.init)
 .init          0x0000000008002bec        0x4 /home/seradya/toolchains/gcc-arm-none-eabi-10.3-2021.10/bin/../lib/gcc/arm-none-eabi/10.3.1/thumb/v7-m/nofp/crti.o
                0x0000000008002bec                _init
 .init          0x0000000008002bf0        0x8 /home/seradya/toolchains/gcc-arm-none-eabi-10.3-2021.10/bin/../lib/gcc/arm-none-eabi/10.3.1/thumb/v7-m/nofp/crtn.o
 *(.fini)
 .fini          0x0000000008002bf8        0x4 /home/seradya/toolchains/gcc-arm-none-eabi-10.3-2021.10/bin/../lib/gcc/arm-none-eabi/10.3.1/thumb/v7-m/nofp/crti.o
                0x0000000008002bf8                _fini
 .fini          0x0000000008002bfc        0x8 /home/seradya/toolchains/gcc-arm-none-eabi-10.3-2021.10/bin/../lib/gcc/arm-none-eabi/10.3.1/thumb/v7-m/nofp/crtn.o
                0x0000000008002c04                . = ALIGN (0x4)
                0x0000000008002c04                _etext = .

.vfp11_veneer   0x0000000008002c04        0x0
 .vfp11_veneer  0x0000000008002c04        0x0 linker stubs

.v4_bx          0x0000000008002c04        0x0
 .v4_bx         0x0000000008002c04        0x0 linker stubs

.iplt           0x0000000008002c04        0x0
 .iplt          0x0000000008002c04        0x0 /home/seradya/toolchains/gcc-arm-none-eabi-10.3-2021.10/bin/../lib/gcc/arm-none-eabi/10.3.1/thumb/v7-m/nofp/crtbegin.o

.rodata         0x0000000008002c04      0x110
                0x0000000008002c04                . = ALIGN (0x4)
 *(.rodata)
 *(.rodata*)
 .rodata.main.str1.4
                0x0000000008002c04       0x2c build/main.o
 .rodata.aPLLMULFactorTable.1
                0x0000000008002c30       0x10 build/stm32f1xx_hal_rcc.o
 .rodata.aPredivFactorTable.0
                0x0000000008002c40        0x2 build/stm32f1xx_hal_rcc.o
 *fill*         0x0000000008002c42        0x2 
 .rodata.AHBPrescTable
                0x0000000008002c44       0x10 build/system_stm32f1xx.o
                0x0000000008002c44                AHBPrescTable
 .rodata.APBPrescTable
                0x0000000008002c54        0x8 build/system_stm32f1xx.o
                0x0000000008002c54                APBPrescTable
 .rodata.Read_All_Regs.str1.4
                0x0000000008002c5c       0x83 build/AD7794.o
 .rodata._svfprintf_r.str1.1
                0x0000000008002cdf       0x11 /home/seradya/toolchains/gcc-arm-none-eabi-10.3-2021.10/bin/../lib/gcc/arm-none-eabi/10.3.1/../../../../arm-none-eabi/lib/thumb/v7-m/nofp/libc_nano.a(lib_a-nano-svfprintf.o)
 .rodata._printf_i.str1.1
                0x0000000008002cf0       0x22 /home/seradya/toolchains/gcc-arm-none-eabi-10.3-2021.10/bin/../lib/gcc/arm-none-eabi/10.3.1/../../../../arm-none-eabi/lib/thumb/v7-m/nofp/libc_nano.a(lib_a-nano-vfprintf_i.o)
                0x0000000008002d14                . = ALIGN (0x4)
 *fill*         0x0000000008002d12        0x2 

.rel.dyn        0x0000000008002d14        0x0
 .rel.iplt      0x0000000008002d14        0x0 /home/seradya/toolchains/gcc-arm-none-eabi-10.3-2021.10/bin/../lib/gcc/arm-none-eabi/10.3.1/thumb/v7-m/nofp/crtbegin.o

.ARM.extab
 *(.ARM.extab* .gnu.linkonce.armextab.*)

.ARM            0x0000000008002d14        0x0
                0x0000000008002d14                __exidx_start = .
 *(.ARM.exidx*)
                0x0000000008002d14                __exidx_end = .

.preinit_array  0x0000000008002d14        0x0
                0x0000000008002d14                PROVIDE (__preinit_array_start = .)
 *(.preinit_array*)
                0x0000000008002d14                PROVIDE (__preinit_array_end = .)

.init_array     0x0000000008002d14        0x4
                0x0000000008002d14                PROVIDE (__init_array_start = .)
 *(SORT_BY_NAME(.init_array.*))
 *(.init_array*)
 .init_array    0x0000000008002d14        0x4 /home/seradya/toolchains/gcc-arm-none-eabi-10.3-2021.10/bin/../lib/gcc/arm-none-eabi/10.3.1/thumb/v7-m/nofp/crtbegin.o
                0x0000000008002d18                PROVIDE (__init_array_end = .)

.fini_array     0x0000000008002d18        0x4
                [!provide]                        PROVIDE (__fini_array_start = .)
 *(SORT_BY_NAME(.fini_array.*))
 *(.fini_array*)
 .fini_array    0x0000000008002d18        0x4 /home/seradya/toolchains/gcc-arm-none-eabi-10.3-2021.10/bin/../lib/gcc/arm-none-eabi/10.3.1/thumb/v7-m/nofp/crtbegin.o
                [!provide]                        PROVIDE (__fini_array_end = .)
                0x0000000008002d1c                _sidata = LOADADDR (.data)

.data           0x0000000020000000       0x70 load address 0x0000000008002d1c
                0x0000000020000000                . = ALIGN (0x4)
                0x0000000020000000                _sdata = .
 *(.data)
 *(.data*)
 .data.uwTickFreq
                0x0000000020000000        0x1 build/stm32f1xx_hal.o
                0x0000000020000000                uwTickFreq
 *fill*         0x0000000020000001        0x3 
 .data.uwTickPrio
                0x0000000020000004        0x4 build/stm32f1xx_hal.o
                0x0000000020000004                uwTickPrio
 .data.SystemCoreClock
                0x0000000020000008        0x4 build/system_stm32f1xx.o
                0x0000000020000008                SystemCoreClock
 .data._impure_ptr
                0x000000002000000c        0x4 /home/seradya/toolchains/gcc-arm-none-eabi-10.3-2021.10/bin/../lib/gcc/arm-none-eabi/10.3.1/../../../../arm-none-eabi/lib/thumb/v7-m/nofp/libc_nano.a(lib_a-impure.o)
                0x000000002000000c                _impure_ptr
 .data.impure_data
                0x0000000020000010       0x60 /home/seradya/toolchains/gcc-arm-none-eabi-10.3-2021.10/bin/../lib/gcc/arm-none-eabi/10.3.1/../../../../arm-none-eabi/lib/thumb/v7-m/nofp/libc_nano.a(lib_a-impure.o)
                0x0000000020000070                . = ALIGN (0x4)
                0x0000000020000070                _edata = .

.igot.plt       0x0000000020000070        0x0 load address 0x0000000008002d8c
 .igot.plt      0x0000000020000070        0x0 /home/seradya/toolchains/gcc-arm-none-eabi-10.3-2021.10/bin/../lib/gcc/arm-none-eabi/10.3.1/thumb/v7-m/nofp/crtbegin.o
                0x0000000020000070                . = ALIGN (0x4)

.bss            0x0000000020000070       0xfc load address 0x0000000008002d8c
                0x0000000020000070                _sbss = .
                0x0000000020000070                __bss_start__ = _sbss
 *(.bss)
 .bss           0x0000000020000070       0x1c /home/seradya/toolchains/gcc-arm-none-eabi-10.3-2021.10/bin/../lib/gcc/arm-none-eabi/10.3.1/thumb/v7-m/nofp/crtbegin.o
 *(.bss*)
 .bss.str       0x000000002000008c       0x20 build/main.o
                0x000000002000008c                str
 .bss.uwTick    0x00000000200000ac        0x4 build/stm32f1xx_hal.o
                0x00000000200000ac                uwTick
 .bss.hspi1     0x00000000200000b0       0x58 build/spi.o
                0x00000000200000b0                hspi1
 .bss.huart1    0x0000000020000108       0x48 build/usart.o
                0x0000000020000108                huart1
 .bss.value_16.0
                0x0000000020000150        0x2 build/AD7794.o
 .bss.value_16.2
                0x0000000020000152        0x2 build/AD7794.o
 .bss.value_8.1
                0x0000000020000154        0x1 build/AD7794.o
 *fill*         0x0000000020000155        0x3 
 .bss.__malloc_free_list
                0x0000000020000158        0x4 /home/seradya/toolchains/gcc-arm-none-eabi-10.3-2021.10/bin/../lib/gcc/arm-none-eabi/10.3.1/../../../../arm-none-eabi/lib/thumb/v7-m/nofp/libc_nano.a(lib_a-nano-mallocr.o)
                0x0000000020000158                __malloc_free_list
 .bss.__malloc_sbrk_start
                0x000000002000015c        0x4 /home/seradya/toolchains/gcc-arm-none-eabi-10.3-2021.10/bin/../lib/gcc/arm-none-eabi/10.3.1/../../../../arm-none-eabi/lib/thumb/v7-m/nofp/libc_nano.a(lib_a-nano-mallocr.o)
                0x000000002000015c                __malloc_sbrk_start
 .bss.errno     0x0000000020000160        0x4 /home/seradya/toolchains/gcc-arm-none-eabi-10.3-2021.10/bin/../lib/gcc/arm-none-eabi/10.3.1/../../../../arm-none-eabi/lib/thumb/v7-m/nofp/libc_nano.a(lib_a-reent.o)
                0x0000000020000160                errno
 .bss.__lock___malloc_recursive_mutex
                0x0000000020000164        0x1 /home/seradya/toolchains/gcc-arm-none-eabi-10.3-2021.10/bin/../lib/gcc/arm-none-eabi/10.3.1/../../../../arm-none-eabi/lib/thumb/v7-m/nofp/libc_nano.a(lib_a-lock.o)
                0x0000000020000164                __lock___malloc_recursive_mutex
 *fill*         0x0000000020000165        0x3 
 .bss.heap_end.0
                0x0000000020000168        0x4 /home/seradya/toolchains/gcc-arm-none-eabi-10.3-2021.10/bin/../lib/gcc/arm-none-eabi/10.3.1/../../../../arm-none-eabi/lib/thumb/v7-m/nofp/libnosys.a(sbrk.o)
 *(COMMON)
                0x000000002000016c                . = ALIGN (0x4)
                0x000000002000016c                _ebss = .
                0x000000002000016c                __bss_end__ = _ebss

._user_heap_stack
                0x000000002000016c      0x604 load address 0x0000000008002d8c
                0x0000000020000170                . = ALIGN (0x8)
 *fill*         0x000000002000016c        0x4 
                0x0000000020000170                PROVIDE (end = .)
                [!provide]                        PROVIDE (_end = .)
                0x0000000020000370                . = (. + _Min_Heap_Size)
 *fill*         0x0000000020000170      0x200 
                0x0000000020000770                . = (. + _Min_Stack_Size)
 *fill*         0x0000000020000370      0x400 
                0x0000000020000770                . = ALIGN (0x8)

/DISCARD/
 libc.a(*)
 libm.a(*)
 libgcc.a(*)

.ARM.attributes
                0x0000000000000000       0x29
 *(.ARM.attributes)
 .ARM.attributes
                0x0000000000000000       0x1d /home/seradya/toolchains/gcc-arm-none-eabi-10.3-2021.10/bin/../lib/gcc/arm-none-eabi/10.3.1/thumb/v7-m/nofp/crti.o
 .ARM.attributes
                0x000000000000001d       0x2d /home/seradya/toolchains/gcc-arm-none-eabi-10.3-2021.10/bin/../lib/gcc/arm-none-eabi/10.3.1/thumb/v7-m/nofp/crtbegin.o
 .ARM.attributes
                0x000000000000004a       0x2d build/main.o
 .ARM.attributes
                0x0000000000000077       0x2d build/stm32f1xx_it.o
 .ARM.attributes
                0x00000000000000a4       0x2d build/stm32f1xx_hal_msp.o
 .ARM.attributes
                0x00000000000000d1       0x2d build/stm32f1xx_hal_spi.o
 .ARM.attributes
                0x00000000000000fe       0x2d build/stm32f1xx_hal.o
 .ARM.attributes
                0x000000000000012b       0x2d build/stm32f1xx_hal_rcc.o
 .ARM.attributes
                0x0000000000000158       0x2d build/stm32f1xx_hal_gpio.o
 .ARM.attributes
                0x0000000000000185       0x2d build/stm32f1xx_hal_dma.o
 .ARM.attributes
                0x00000000000001b2       0x2d build/stm32f1xx_hal_cortex.o
 .ARM.attributes
                0x00000000000001df       0x2d build/system_stm32f1xx.o
 .ARM.attributes
                0x000000000000020c       0x2d build/gpio.o
 .ARM.attributes
                0x0000000000000239       0x2d build/spi.o
 .ARM.attributes
                0x0000000000000266       0x2d build/usart.o
 .ARM.attributes
                0x0000000000000293       0x2d build/AD7794.o
 .ARM.attributes
                0x00000000000002c0       0x2d build/stm32f1xx_hal_uart.o
 .ARM.attributes
                0x00000000000002ed       0x21 build/startup_stm32f103xb.o
 .ARM.attributes
                0x000000000000030e       0x2d /home/seradya/toolchains/gcc-arm-none-eabi-10.3-2021.10/bin/../lib/gcc/arm-none-eabi/10.3.1/../../../../arm-none-eabi/lib/thumb/v7-m/nofp/libc_nano.a(lib_a-impure.o)
 .ARM.attributes
                0x000000000000033b       0x2d /home/seradya/toolchains/gcc-arm-none-eabi-10.3-2021.10/bin/../lib/gcc/arm-none-eabi/10.3.1/../../../../arm-none-eabi/lib/thumb/v7-m/nofp/libc_nano.a(lib_a-init.o)
 .ARM.attributes
                0x0000000000000368       0x2d /home/seradya/toolchains/gcc-arm-none-eabi-10.3-2021.10/bin/../lib/gcc/arm-none-eabi/10.3.1/../../../../arm-none-eabi/lib/thumb/v7-m/nofp/libc_nano.a(lib_a-memset.o)
 .ARM.attributes
                0x0000000000000395       0x2d /home/seradya/toolchains/gcc-arm-none-eabi-10.3-2021.10/bin/../lib/gcc/arm-none-eabi/10.3.1/../../../../arm-none-eabi/lib/thumb/v7-m/nofp/libc_nano.a(lib_a-sprintf.o)
 .ARM.attributes
                0x00000000000003c2       0x17 /home/seradya/toolchains/gcc-arm-none-eabi-10.3-2021.10/bin/../lib/gcc/arm-none-eabi/10.3.1/../../../../arm-none-eabi/lib/thumb/v7-m/nofp/libc_nano.a(lib_a-strlen.o)
 .ARM.attributes
                0x00000000000003d9       0x2d /home/seradya/toolchains/gcc-arm-none-eabi-10.3-2021.10/bin/../lib/gcc/arm-none-eabi/10.3.1/../../../../arm-none-eabi/lib/thumb/v7-m/nofp/libc_nano.a(lib_a-nano-svfprintf.o)
 .ARM.attributes
                0x0000000000000406       0x2d /home/seradya/toolchains/gcc-arm-none-eabi-10.3-2021.10/bin/../lib/gcc/arm-none-eabi/10.3.1/../../../../arm-none-eabi/lib/thumb/v7-m/nofp/libc_nano.a(lib_a-nano-vfprintf_i.o)
 .ARM.attributes
                0x0000000000000433       0x2d /home/seradya/toolchains/gcc-arm-none-eabi-10.3-2021.10/bin/../lib/gcc/arm-none-eabi/10.3.1/../../../../arm-none-eabi/lib/thumb/v7-m/nofp/libc_nano.a(lib_a-memchr-stub.o)
 .ARM.attributes
                0x0000000000000460       0x2d /home/seradya/toolchains/gcc-arm-none-eabi-10.3-2021.10/bin/../lib/gcc/arm-none-eabi/10.3.1/../../../../arm-none-eabi/lib/thumb/v7-m/nofp/libc_nano.a(lib_a-memcpy-stub.o)
 .ARM.attributes
                0x000000000000048d       0x2d /home/seradya/toolchains/gcc-arm-none-eabi-10.3-2021.10/bin/../lib/gcc/arm-none-eabi/10.3.1/../../../../arm-none-eabi/lib/thumb/v7-m/nofp/libc_nano.a(lib_a-memmove.o)
 .ARM.attributes
                0x00000000000004ba       0x2d /home/seradya/toolchains/gcc-arm-none-eabi-10.3-2021.10/bin/../lib/gcc/arm-none-eabi/10.3.1/../../../../arm-none-eabi/lib/thumb/v7-m/nofp/libc_nano.a(lib_a-nano-freer.o)
 .ARM.attributes
                0x00000000000004e7       0x2d /home/seradya/toolchains/gcc-arm-none-eabi-10.3-2021.10/bin/../lib/gcc/arm-none-eabi/10.3.1/../../../../arm-none-eabi/lib/thumb/v7-m/nofp/libc_nano.a(lib_a-nano-mallocr.o)
 .ARM.attributes
                0x0000000000000514       0x2d /home/seradya/toolchains/gcc-arm-none-eabi-10.3-2021.10/bin/../lib/gcc/arm-none-eabi/10.3.1/../../../../arm-none-eabi/lib/thumb/v7-m/nofp/libc_nano.a(lib_a-nano-reallocr.o)
 .ARM.attributes
                0x0000000000000541       0x2d /home/seradya/toolchains/gcc-arm-none-eabi-10.3-2021.10/bin/../lib/gcc/arm-none-eabi/10.3.1/../../../../arm-none-eabi/lib/thumb/v7-m/nofp/libc_nano.a(lib_a-sbrkr.o)
 .ARM.attributes
                0x000000000000056e       0x2d /home/seradya/toolchains/gcc-arm-none-eabi-10.3-2021.10/bin/../lib/gcc/arm-none-eabi/10.3.1/../../../../arm-none-eabi/lib/thumb/v7-m/nofp/libc_nano.a(lib_a-mlock.o)
 .ARM.attributes
                0x000000000000059b       0x2d /home/seradya/toolchains/gcc-arm-none-eabi-10.3-2021.10/bin/../lib/gcc/arm-none-eabi/10.3.1/../../../../arm-none-eabi/lib/thumb/v7-m/nofp/libc_nano.a(lib_a-nano-msizer.o)
 .ARM.attributes
                0x00000000000005c8       0x2d /home/seradya/toolchains/gcc-arm-none-eabi-10.3-2021.10/bin/../lib/gcc/arm-none-eabi/10.3.1/../../../../arm-none-eabi/lib/thumb/v7-m/nofp/libc_nano.a(lib_a-reent.o)
 .ARM.attributes
                0x00000000000005f5       0x2d /home/seradya/toolchains/gcc-arm-none-eabi-10.3-2021.10/bin/../lib/gcc/arm-none-eabi/10.3.1/../../../../arm-none-eabi/lib/thumb/v7-m/nofp/libc_nano.a(lib_a-lock.o)
 .ARM.attributes
                0x0000000000000622       0x2d /home/seradya/toolchains/gcc-arm-none-eabi-10.3-2021.10/bin/../lib/gcc/arm-none-eabi/10.3.1/../../../../arm-none-eabi/lib/thumb/v7-m/nofp/libnosys.a(sbrk.o)
 .ARM.attributes
                0x000000000000064f       0x1d /home/seradya/toolchains/gcc-arm-none-eabi-10.3-2021.10/bin/../lib/gcc/arm-none-eabi/10.3.1/thumb/v7-m/nofp/crtn.o
OUTPUT(build/AD7794.elf elf32-littlearm)
LOAD linker stubs
LOAD /home/seradya/toolchains/gcc-arm-none-eabi-10.3-2021.10/bin/../lib/gcc/arm-none-eabi/10.3.1/../../../../arm-none-eabi/lib/thumb/v7-m/nofp/libc.a
LOAD /home/seradya/toolchains/gcc-arm-none-eabi-10.3-2021.10/bin/../lib/gcc/arm-none-eabi/10.3.1/../../../../arm-none-eabi/lib/thumb/v7-m/nofp/libm.a
LOAD /home/seradya/toolchains/gcc-arm-none-eabi-10.3-2021.10/bin/../lib/gcc/arm-none-eabi/10.3.1/thumb/v7-m/nofp/libgcc.a

.debug_info     0x0000000000000000     0xd6b1
 .debug_info    0x0000000000000000      0xaf5 build/main.o
 .debug_info    0x0000000000000af5      0x6ef build/stm32f1xx_it.o
 .debug_info    0x00000000000011e4      0x238 build/stm32f1xx_hal_msp.o
 .debug_info    0x000000000000141c     0x1ee4 build/stm32f1xx_hal_spi.o
 .debug_info    0x0000000000003300      0x855 build/stm32f1xx_hal.o
 .debug_info    0x0000000000003b55      0xaf0 build/stm32f1xx_hal_rcc.o
 .debug_info    0x0000000000004645      0x6d7 build/stm32f1xx_hal_gpio.o
 .debug_info    0x0000000000004d1c      0x8c0 build/stm32f1xx_hal_dma.o
 .debug_info    0x00000000000055dc      0xe2d build/stm32f1xx_hal_cortex.o
 .debug_info    0x0000000000006409      0x26e build/system_stm32f1xx.o
 .debug_info    0x0000000000006677      0x1b6 build/gpio.o
 .debug_info    0x000000000000682d      0x932 build/spi.o
 .debug_info    0x000000000000715f      0xac7 build/usart.o
 .debug_info    0x0000000000007c26     0x16c8 build/AD7794.o
 .debug_info    0x00000000000092ee     0x43a1 build/stm32f1xx_hal_uart.o
 .debug_info    0x000000000000d68f       0x22 build/startup_stm32f103xb.o

.debug_abbrev   0x0000000000000000     0x1f4f
 .debug_abbrev  0x0000000000000000      0x27c build/main.o
 .debug_abbrev  0x000000000000027c      0x15e build/stm32f1xx_it.o
 .debug_abbrev  0x00000000000003da       0xe7 build/stm32f1xx_hal_msp.o
 .debug_abbrev  0x00000000000004c1      0x292 build/stm32f1xx_hal_spi.o
 .debug_abbrev  0x0000000000000753      0x1f7 build/stm32f1xx_hal.o
 .debug_abbrev  0x000000000000094a      0x2b8 build/stm32f1xx_hal_rcc.o
 .debug_abbrev  0x0000000000000c02      0x222 build/stm32f1xx_hal_gpio.o
 .debug_abbrev  0x0000000000000e24      0x244 build/stm32f1xx_hal_dma.o
 .debug_abbrev  0x0000000000001068      0x359 build/stm32f1xx_hal_cortex.o
 .debug_abbrev  0x00000000000013c1      0x140 build/system_stm32f1xx.o
 .debug_abbrev  0x0000000000001501       0xc1 build/gpio.o
 .debug_abbrev  0x00000000000015c2      0x1c5 build/spi.o
 .debug_abbrev  0x0000000000001787      0x1d5 build/usart.o
 .debug_abbrev  0x000000000000195c      0x2ad build/AD7794.o
 .debug_abbrev  0x0000000000001c09      0x334 build/stm32f1xx_hal_uart.o
 .debug_abbrev  0x0000000000001f3d       0x12 build/startup_stm32f103xb.o

.debug_loc      0x0000000000000000     0x9c70
 .debug_loc     0x0000000000000000       0xc4 build/main.o
 .debug_loc     0x00000000000000c4       0x40 build/stm32f1xx_it.o
 .debug_loc     0x0000000000000104       0x41 build/stm32f1xx_hal_msp.o
 .debug_loc     0x0000000000000145     0x255b build/stm32f1xx_hal_spi.o
 .debug_loc     0x00000000000026a0      0x1e1 build/stm32f1xx_hal.o
 .debug_loc     0x0000000000002881      0x790 build/stm32f1xx_hal_rcc.o
 .debug_loc     0x0000000000003011      0x551 build/stm32f1xx_hal_gpio.o
 .debug_loc     0x0000000000003562      0x901 build/stm32f1xx_hal_dma.o
 .debug_loc     0x0000000000003e63      0x77f build/stm32f1xx_hal_cortex.o
 .debug_loc     0x00000000000045e2       0xff build/system_stm32f1xx.o
 .debug_loc     0x00000000000046e1       0x2c build/gpio.o
 .debug_loc     0x000000000000470d      0x108 build/spi.o
 .debug_loc     0x0000000000004815      0x108 build/usart.o
 .debug_loc     0x000000000000491d      0x494 build/AD7794.o
 .debug_loc     0x0000000000004db1     0x4ebf build/stm32f1xx_hal_uart.o

.debug_aranges  0x0000000000000000      0x8b8
 .debug_aranges
                0x0000000000000000       0x30 build/main.o
 .debug_aranges
                0x0000000000000030       0x68 build/stm32f1xx_it.o
 .debug_aranges
                0x0000000000000098       0x20 build/stm32f1xx_hal_msp.o
 .debug_aranges
                0x00000000000000b8      0x1d0 build/stm32f1xx_hal_spi.o
 .debug_aranges
                0x0000000000000288       0xe0 build/stm32f1xx_hal.o
 .debug_aranges
                0x0000000000000368       0x90 build/stm32f1xx_hal_rcc.o
 .debug_aranges
                0x00000000000003f8       0x58 build/stm32f1xx_hal_gpio.o
 .debug_aranges
                0x0000000000000450       0x80 build/stm32f1xx_hal_dma.o
 .debug_aranges
                0x00000000000004d0       0x90 build/stm32f1xx_hal_cortex.o
 .debug_aranges
                0x0000000000000560       0x28 build/system_stm32f1xx.o
 .debug_aranges
                0x0000000000000588       0x20 build/gpio.o
 .debug_aranges
                0x00000000000005a8       0x30 build/spi.o
 .debug_aranges
                0x00000000000005d8       0x30 build/usart.o
 .debug_aranges
                0x0000000000000608       0x80 build/AD7794.o
 .debug_aranges
                0x0000000000000688      0x208 build/stm32f1xx_hal_uart.o
 .debug_aranges
                0x0000000000000890       0x28 build/startup_stm32f103xb.o

.debug_ranges   0x0000000000000000      0x888
 .debug_ranges  0x0000000000000000       0x50 build/main.o
 .debug_ranges  0x0000000000000050       0x58 build/stm32f1xx_it.o
 .debug_ranges  0x00000000000000a8       0x10 build/stm32f1xx_hal_msp.o
 .debug_ranges  0x00000000000000b8      0x1c0 build/stm32f1xx_hal_spi.o
 .debug_ranges  0x0000000000000278       0xd0 build/stm32f1xx_hal.o
 .debug_ranges  0x0000000000000348       0xa0 build/stm32f1xx_hal_rcc.o
 .debug_ranges  0x00000000000003e8       0x48 build/stm32f1xx_hal_gpio.o
 .debug_ranges  0x0000000000000430       0x70 build/stm32f1xx_hal_dma.o
 .debug_ranges  0x00000000000004a0       0xe0 build/stm32f1xx_hal_cortex.o
 .debug_ranges  0x0000000000000580       0x18 build/system_stm32f1xx.o
 .debug_ranges  0x0000000000000598       0x10 build/gpio.o
 .debug_ranges  0x00000000000005a8       0x20 build/spi.o
 .debug_ranges  0x00000000000005c8       0x20 build/usart.o
 .debug_ranges  0x00000000000005e8       0x70 build/AD7794.o
 .debug_ranges  0x0000000000000658      0x210 build/stm32f1xx_hal_uart.o
 .debug_ranges  0x0000000000000868       0x20 build/startup_stm32f103xb.o

.debug_line     0x0000000000000000     0xa737
 .debug_line    0x0000000000000000      0x442 build/main.o
 .debug_line    0x0000000000000442      0x2da build/stm32f1xx_it.o
 .debug_line    0x000000000000071c      0x16a build/stm32f1xx_hal_msp.o
 .debug_line    0x0000000000000886     0x24b6 build/stm32f1xx_hal_spi.o
 .debug_line    0x0000000000002d3c      0x51c build/stm32f1xx_hal.o
 .debug_line    0x0000000000003258      0xc0c build/stm32f1xx_hal_rcc.o
 .debug_line    0x0000000000003e64      0x5cf build/stm32f1xx_hal_gpio.o
 .debug_line    0x0000000000004433      0xa48 build/stm32f1xx_hal_dma.o
 .debug_line    0x0000000000004e7b      0x627 build/stm32f1xx_hal_cortex.o
 .debug_line    0x00000000000054a2      0x234 build/system_stm32f1xx.o
 .debug_line    0x00000000000056d6      0x15d build/gpio.o
 .debug_line    0x0000000000005833      0x2fc build/spi.o
 .debug_line    0x0000000000005b2f      0x300 build/usart.o
 .debug_line    0x0000000000005e2f      0x503 build/AD7794.o
 .debug_line    0x0000000000006332     0x4391 build/stm32f1xx_hal_uart.o
 .debug_line    0x000000000000a6c3       0x74 build/startup_stm32f103xb.o

.debug_str      0x0000000000000000     0x2679
 .debug_str     0x0000000000000000      0x70b build/main.o
                                        0x7c0 (size before relaxing)
 .debug_str     0x000000000000070b       0xda build/stm32f1xx_it.o
                                        0x643 (size before relaxing)
 .debug_str     0x00000000000007e5       0x98 build/stm32f1xx_hal_msp.o
                                        0x205 (size before relaxing)
 .debug_str     0x000000000000087d      0x734 build/stm32f1xx_hal_spi.o
                                        0xb4d (size before relaxing)
 .debug_str     0x0000000000000fb1      0x5c3 build/stm32f1xx_hal.o
                                        0x80a (size before relaxing)
 .debug_str     0x0000000000001574      0x243 build/stm32f1xx_hal_rcc.o
                                        0x611 (size before relaxing)
 .debug_str     0x00000000000017b7      0x155 build/stm32f1xx_hal_gpio.o
                                        0x3e6 (size before relaxing)
 .debug_str     0x000000000000190c      0x207 build/stm32f1xx_hal_dma.o
                                        0x5e3 (size before relaxing)
 .debug_str     0x0000000000001b13      0x3c2 build/stm32f1xx_hal_cortex.o
                                        0x8b9 (size before relaxing)
 .debug_str     0x0000000000001ed5       0x4f build/system_stm32f1xx.o
                                        0x23a (size before relaxing)
 .debug_str     0x0000000000001f24       0x10 build/gpio.o
                                        0x1cb (size before relaxing)
 .debug_str     0x0000000000001f34       0x2f build/spi.o
                                        0x671 (size before relaxing)
 .debug_str     0x0000000000001f63       0x4e build/usart.o
                                        0x9b7 (size before relaxing)
 .debug_str     0x0000000000001fb1       0xb9 build/AD7794.o
                                        0x83c (size before relaxing)
 .debug_str     0x000000000000206a      0x5eb build/stm32f1xx_hal_uart.o
                                        0xcda (size before relaxing)
 .debug_str     0x0000000000002655       0x24 build/startup_stm32f103xb.o
                                         0x59 (size before relaxing)

.comment        0x0000000000000000       0x49
 .comment       0x0000000000000000       0x49 build/main.o
                                         0x4a (size before relaxing)
 .comment       0x0000000000000049       0x4a build/stm32f1xx_it.o
 .comment       0x0000000000000049       0x4a build/stm32f1xx_hal_msp.o
 .comment       0x0000000000000049       0x4a build/stm32f1xx_hal_spi.o
 .comment       0x0000000000000049       0x4a build/stm32f1xx_hal.o
 .comment       0x0000000000000049       0x4a build/stm32f1xx_hal_rcc.o
 .comment       0x0000000000000049       0x4a build/stm32f1xx_hal_gpio.o
 .comment       0x0000000000000049       0x4a build/stm32f1xx_hal_dma.o
 .comment       0x0000000000000049       0x4a build/stm32f1xx_hal_cortex.o
 .comment       0x0000000000000049       0x4a build/system_stm32f1xx.o
 .comment       0x0000000000000049       0x4a build/gpio.o
 .comment       0x0000000000000049       0x4a build/spi.o
 .comment       0x0000000000000049       0x4a build/usart.o
 .comment       0x0000000000000049       0x4a build/AD7794.o
 .comment       0x0000000000000049       0x4a build/stm32f1xx_hal_uart.o

.debug_frame    0x0000000000000000     0x1a64
 .debug_frame   0x0000000000000000       0x60 build/main.o
 .debug_frame   0x0000000000000060       0xc0 build/stm32f1xx_it.o
 .debug_frame   0x0000000000000120       0x28 build/stm32f1xx_hal_msp.o
 .debug_frame   0x0000000000000148      0x5ac build/stm32f1xx_hal_spi.o
 .debug_frame   0x00000000000006f4      0x1cc build/stm32f1xx_hal.o
 .debug_frame   0x00000000000008c0      0x184 build/stm32f1xx_hal_rcc.o
 .debug_frame   0x0000000000000a44       0xe4 build/stm32f1xx_hal_gpio.o
 .debug_frame   0x0000000000000b28      0x144 build/stm32f1xx_hal_dma.o
 .debug_frame   0x0000000000000c6c      0x118 build/stm32f1xx_hal_cortex.o
 .debug_frame   0x0000000000000d84       0x30 build/system_stm32f1xx.o
 .debug_frame   0x0000000000000db4       0x28 build/gpio.o
 .debug_frame   0x0000000000000ddc       0x60 build/spi.o
 .debug_frame   0x0000000000000e3c       0x64 build/usart.o
 .debug_frame   0x0000000000000ea0      0x164 build/AD7794.o
 .debug_frame   0x0000000000001004      0x5d8 build/stm32f1xx_hal_uart.o
 .debug_frame   0x00000000000015dc       0x2c /home/seradya/toolchains/gcc-arm-none-eabi-10.3-2021.10/bin/../lib/gcc/arm-none-eabi/10.3.1/../../../../arm-none-eabi/lib/thumb/v7-m/nofp/libc_nano.a(lib_a-init.o)
 .debug_frame   0x0000000000001608       0x20 /home/seradya/toolchains/gcc-arm-none-eabi-10.3-2021.10/bin/../lib/gcc/arm-none-eabi/10.3.1/../../../../arm-none-eabi/lib/thumb/v7-m/nofp/libc_nano.a(lib_a-memset.o)
 .debug_frame   0x0000000000001628       0x6c /home/seradya/toolchains/gcc-arm-none-eabi-10.3-2021.10/bin/../lib/gcc/arm-none-eabi/10.3.1/../../../../arm-none-eabi/lib/thumb/v7-m/nofp/libc_nano.a(lib_a-sprintf.o)
 .debug_frame   0x0000000000001694       0x90 /home/seradya/toolchains/gcc-arm-none-eabi-10.3-2021.10/bin/../lib/gcc/arm-none-eabi/10.3.1/../../../../arm-none-eabi/lib/thumb/v7-m/nofp/libc_nano.a(lib_a-nano-svfprintf.o)
 .debug_frame   0x0000000000001724       0x60 /home/seradya/toolchains/gcc-arm-none-eabi-10.3-2021.10/bin/../lib/gcc/arm-none-eabi/10.3.1/../../../../arm-none-eabi/lib/thumb/v7-m/nofp/libc_nano.a(lib_a-nano-vfprintf_i.o)
 .debug_frame   0x0000000000001784       0x28 /home/seradya/toolchains/gcc-arm-none-eabi-10.3-2021.10/bin/../lib/gcc/arm-none-eabi/10.3.1/../../../../arm-none-eabi/lib/thumb/v7-m/nofp/libc_nano.a(lib_a-memchr-stub.o)
 .debug_frame   0x00000000000017ac       0x28 /home/seradya/toolchains/gcc-arm-none-eabi-10.3-2021.10/bin/../lib/gcc/arm-none-eabi/10.3.1/../../../../arm-none-eabi/lib/thumb/v7-m/nofp/libc_nano.a(lib_a-memcpy-stub.o)
 .debug_frame   0x00000000000017d4       0x28 /home/seradya/toolchains/gcc-arm-none-eabi-10.3-2021.10/bin/../lib/gcc/arm-none-eabi/10.3.1/../../../../arm-none-eabi/lib/thumb/v7-m/nofp/libc_nano.a(lib_a-memmove.o)
 .debug_frame   0x00000000000017fc       0x38 /home/seradya/toolchains/gcc-arm-none-eabi-10.3-2021.10/bin/../lib/gcc/arm-none-eabi/10.3.1/../../../../arm-none-eabi/lib/thumb/v7-m/nofp/libc_nano.a(lib_a-nano-freer.o)
 .debug_frame   0x0000000000001834       0x4c /home/seradya/toolchains/gcc-arm-none-eabi-10.3-2021.10/bin/../lib/gcc/arm-none-eabi/10.3.1/../../../../arm-none-eabi/lib/thumb/v7-m/nofp/libc_nano.a(lib_a-nano-mallocr.o)
 .debug_frame   0x0000000000001880       0x3c /home/seradya/toolchains/gcc-arm-none-eabi-10.3-2021.10/bin/../lib/gcc/arm-none-eabi/10.3.1/../../../../arm-none-eabi/lib/thumb/v7-m/nofp/libc_nano.a(lib_a-nano-reallocr.o)
 .debug_frame   0x00000000000018bc       0x2c /home/seradya/toolchains/gcc-arm-none-eabi-10.3-2021.10/bin/../lib/gcc/arm-none-eabi/10.3.1/../../../../arm-none-eabi/lib/thumb/v7-m/nofp/libc_nano.a(lib_a-sbrkr.o)
 .debug_frame   0x00000000000018e8       0x30 /home/seradya/toolchains/gcc-arm-none-eabi-10.3-2021.10/bin/../lib/gcc/arm-none-eabi/10.3.1/../../../../arm-none-eabi/lib/thumb/v7-m/nofp/libc_nano.a(lib_a-mlock.o)
 .debug_frame   0x0000000000001918       0x20 /home/seradya/toolchains/gcc-arm-none-eabi-10.3-2021.10/bin/../lib/gcc/arm-none-eabi/10.3.1/../../../../arm-none-eabi/lib/thumb/v7-m/nofp/libc_nano.a(lib_a-nano-msizer.o)
 .debug_frame   0x0000000000001938       0x5c /home/seradya/toolchains/gcc-arm-none-eabi-10.3-2021.10/bin/../lib/gcc/arm-none-eabi/10.3.1/../../../../arm-none-eabi/lib/thumb/v7-m/nofp/libc_nano.a(lib_a-reent.o)
 .debug_frame   0x0000000000001994       0xb0 /home/seradya/toolchains/gcc-arm-none-eabi-10.3-2021.10/bin/../lib/gcc/arm-none-eabi/10.3.1/../../../../arm-none-eabi/lib/thumb/v7-m/nofp/libc_nano.a(lib_a-lock.o)
 .debug_frame   0x0000000000001a44       0x20 /home/seradya/toolchains/gcc-arm-none-eabi-10.3-2021.10/bin/../lib/gcc/arm-none-eabi/10.3.1/../../../../arm-none-eabi/lib/thumb/v7-m/nofp/libnosys.a(sbrk.o)

Cross Reference Table

Symbol                                            File
AD7794_Init                                       build/AD7794.o
                                                  build/main.o
AD7794_Single_Conversion                          build/AD7794.o
                                                  build/main.o
ADC1_2_IRQHandler                                 build/startup_stm32f103xb.o
AHBPrescTable                                     build/system_stm32f1xx.o
                                                  build/stm32f1xx_hal_rcc.o
APBPrescTable                                     build/system_stm32f1xx.o
                                                  build/stm32f1xx_hal_rcc.o
BusFault_Handler                                  build/stm32f1xx_it.o
CAN1_RX1_IRQHandler                               build/startup_stm32f103xb.o
CAN1_SCE_IRQHandler                               build/startup_stm32f103xb.o
DMA1_Channel1_IRQHandler                          build/startup_stm32f103xb.o
DMA1_Channel2_IRQHandler                          build/startup_stm32f103xb.o
DMA1_Channel3_IRQHandler                          build/startup_stm32f103xb.o
DMA1_Channel4_IRQHandler                          build/startup_stm32f103xb.o
DMA1_Channel5_IRQHandler                          build/startup_stm32f103xb.o
DMA1_Channel6_IRQHandler                          build/startup_stm32f103xb.o
DMA1_Channel7_IRQHandler                          build/startup_stm32f103xb.o
DebugMon_Handler                                  build/stm32f1xx_it.o
Default_Handler                                   build/startup_stm32f103xb.o
EXTI0_IRQHandler                                  build/startup_stm32f103xb.o
EXTI15_10_IRQHandler                              build/startup_stm32f103xb.o
EXTI1_IRQHandler                                  build/startup_stm32f103xb.o
EXTI2_IRQHandler                                  build/startup_stm32f103xb.o
EXTI3_IRQHandler                                  build/startup_stm32f103xb.o
EXTI4_IRQHandler                                  build/startup_stm32f103xb.o
EXTI9_5_IRQHandler                                build/startup_stm32f103xb.o
Error_Handler                                     build/main.o
                                                  build/usart.o
                                                  build/spi.o
FLASH_IRQHandler                                  build/startup_stm32f103xb.o
FLASH_PageErase                                   build/stm32f1xx_hal_flash_ex.o
                                                  build/stm32f1xx_hal_flash.o
FLASH_WaitForLastOperation                        build/stm32f1xx_hal_flash.o
                                                  build/stm32f1xx_hal_flash_ex.o
HAL_DBGMCU_DisableDBGSleepMode                    build/stm32f1xx_hal.o
HAL_DBGMCU_DisableDBGStandbyMode                  build/stm32f1xx_hal.o
HAL_DBGMCU_DisableDBGStopMode                     build/stm32f1xx_hal.o
HAL_DBGMCU_EnableDBGSleepMode                     build/stm32f1xx_hal.o
HAL_DBGMCU_EnableDBGStandbyMode                   build/stm32f1xx_hal.o
HAL_DBGMCU_EnableDBGStopMode                      build/stm32f1xx_hal.o
HAL_DMA_Abort                                     build/stm32f1xx_hal_dma.o
                                                  build/stm32f1xx_hal_uart.o
                                                  build/stm32f1xx_hal_spi.o
HAL_DMA_Abort_IT                                  build/stm32f1xx_hal_dma.o
                                                  build/stm32f1xx_hal_uart.o
                                                  build/stm32f1xx_hal_spi.o
HAL_DMA_DeInit                                    build/stm32f1xx_hal_dma.o
HAL_DMA_GetError                                  build/stm32f1xx_hal_dma.o
                                                  build/stm32f1xx_hal_uart.o
HAL_DMA_GetState                                  build/stm32f1xx_hal_dma.o
HAL_DMA_IRQHandler                                build/stm32f1xx_hal_dma.o
HAL_DMA_Init                                      build/stm32f1xx_hal_dma.o
HAL_DMA_PollForTransfer                           build/stm32f1xx_hal_dma.o
HAL_DMA_RegisterCallback                          build/stm32f1xx_hal_dma.o
HAL_DMA_Start                                     build/stm32f1xx_hal_dma.o
HAL_DMA_Start_IT                                  build/stm32f1xx_hal_dma.o
                                                  build/stm32f1xx_hal_uart.o
                                                  build/stm32f1xx_hal_spi.o
HAL_DMA_UnRegisterCallback                        build/stm32f1xx_hal_dma.o
HAL_DeInit                                        build/stm32f1xx_hal.o
HAL_Delay                                         build/stm32f1xx_hal.o
                                                  build/main.o
HAL_EXTI_ClearConfigLine                          build/stm32f1xx_hal_exti.o
HAL_EXTI_ClearPending                             build/stm32f1xx_hal_exti.o
HAL_EXTI_GenerateSWI                              build/stm32f1xx_hal_exti.o
HAL_EXTI_GetConfigLine                            build/stm32f1xx_hal_exti.o
HAL_EXTI_GetHandle                                build/stm32f1xx_hal_exti.o
HAL_EXTI_GetPending                               build/stm32f1xx_hal_exti.o
HAL_EXTI_IRQHandler                               build/stm32f1xx_hal_exti.o
HAL_EXTI_RegisterCallback                         build/stm32f1xx_hal_exti.o
HAL_EXTI_SetConfigLine                            build/stm32f1xx_hal_exti.o
HAL_FLASHEx_Erase                                 build/stm32f1xx_hal_flash_ex.o
HAL_FLASHEx_Erase_IT                              build/stm32f1xx_hal_flash_ex.o
HAL_FLASHEx_OBErase                               build/stm32f1xx_hal_flash_ex.o
HAL_FLASHEx_OBGetConfig                           build/stm32f1xx_hal_flash_ex.o
HAL_FLASHEx_OBGetUserData                         build/stm32f1xx_hal_flash_ex.o
HAL_FLASHEx_OBProgram                             build/stm32f1xx_hal_flash_ex.o
HAL_FLASH_EndOfOperationCallback                  build/stm32f1xx_hal_flash.o
HAL_FLASH_GetError                                build/stm32f1xx_hal_flash.o
HAL_FLASH_IRQHandler                              build/stm32f1xx_hal_flash.o
HAL_FLASH_Lock                                    build/stm32f1xx_hal_flash.o
HAL_FLASH_OB_Launch                               build/stm32f1xx_hal_flash.o
HAL_FLASH_OB_Lock                                 build/stm32f1xx_hal_flash.o
HAL_FLASH_OB_Unlock                               build/stm32f1xx_hal_flash.o
HAL_FLASH_OperationErrorCallback                  build/stm32f1xx_hal_flash.o
HAL_FLASH_Program                                 build/stm32f1xx_hal_flash.o
HAL_FLASH_Program_IT                              build/stm32f1xx_hal_flash.o
HAL_FLASH_Unlock                                  build/stm32f1xx_hal_flash.o
HAL_GPIOEx_ConfigEventout                         build/stm32f1xx_hal_gpio_ex.o
HAL_GPIOEx_DisableEventout                        build/stm32f1xx_hal_gpio_ex.o
HAL_GPIOEx_EnableEventout                         build/stm32f1xx_hal_gpio_ex.o
HAL_GPIO_DeInit                                   build/stm32f1xx_hal_gpio.o
                                                  build/usart.o
                                                  build/spi.o
HAL_GPIO_EXTI_Callback                            build/stm32f1xx_hal_gpio.o
HAL_GPIO_EXTI_IRQHandler                          build/stm32f1xx_hal_gpio.o
HAL_GPIO_Init                                     build/stm32f1xx_hal_gpio.o
                                                  build/usart.o
                                                  build/spi.o
                                                  build/stm32f1xx_hal_rcc.o
HAL_GPIO_LockPin                                  build/stm32f1xx_hal_gpio.o
HAL_GPIO_ReadPin                                  build/stm32f1xx_hal_gpio.o
HAL_GPIO_TogglePin                                build/stm32f1xx_hal_gpio.o
HAL_GPIO_WritePin                                 build/stm32f1xx_hal_gpio.o
HAL_GetDEVID                                      build/stm32f1xx_hal.o
HAL_GetHalVersion                                 build/stm32f1xx_hal.o
HAL_GetREVID                                      build/stm32f1xx_hal.o
HAL_GetTick                                       build/stm32f1xx_hal.o
                                                  build/stm32f1xx_hal_uart.o
                                                  build/stm32f1xx_hal_flash.o
                                                  build/stm32f1xx_hal_dma.o
                                                  build/stm32f1xx_hal_rcc_ex.o
                                                  build/stm32f1xx_hal_rcc.o
                                                  build/stm32f1xx_hal_spi.o
HAL_GetTickFreq                                   build/stm32f1xx_hal.o
HAL_GetTickPrio                                   build/stm32f1xx_hal.o
HAL_GetUIDw0                                      build/stm32f1xx_hal.o
HAL_GetUIDw1                                      build/stm32f1xx_hal.o
HAL_GetUIDw2                                      build/stm32f1xx_hal.o
HAL_HalfDuplex_EnableReceiver                     build/stm32f1xx_hal_uart.o
HAL_HalfDuplex_EnableTransmitter                  build/stm32f1xx_hal_uart.o
HAL_HalfDuplex_Init                               build/stm32f1xx_hal_uart.o
HAL_IncTick                                       build/stm32f1xx_hal.o
                                                  build/stm32f1xx_it.o
HAL_Init                                          build/stm32f1xx_hal.o
                                                  build/main.o
HAL_InitTick                                      build/stm32f1xx_hal.o
                                                  build/stm32f1xx_hal_rcc.o
HAL_LIN_Init                                      build/stm32f1xx_hal_uart.o
HAL_LIN_SendBreak                                 build/stm32f1xx_hal_uart.o
HAL_MspDeInit                                     build/stm32f1xx_hal.o
HAL_MspInit                                       build/stm32f1xx_hal_msp.o
HAL_MultiProcessor_EnterMuteMode                  build/stm32f1xx_hal_uart.o
HAL_MultiProcessor_ExitMuteMode                   build/stm32f1xx_hal_uart.o
HAL_MultiProcessor_Init                           build/stm32f1xx_hal_uart.o
HAL_NVIC_ClearPendingIRQ                          build/stm32f1xx_hal_cortex.o
HAL_NVIC_DisableIRQ                               build/stm32f1xx_hal_cortex.o
                                                  build/usart.o
HAL_NVIC_EnableIRQ                                build/stm32f1xx_hal_cortex.o
                                                  build/usart.o
HAL_NVIC_GetActive                                build/stm32f1xx_hal_cortex.o
HAL_NVIC_GetPendingIRQ                            build/stm32f1xx_hal_cortex.o
HAL_NVIC_GetPriority                              build/stm32f1xx_hal_cortex.o
HAL_NVIC_GetPriorityGrouping                      build/stm32f1xx_hal_cortex.o
HAL_NVIC_SetPendingIRQ                            build/stm32f1xx_hal_cortex.o
HAL_NVIC_SetPriority                              build/stm32f1xx_hal_cortex.o
                                                  build/usart.o
                                                  build/stm32f1xx_hal.o
HAL_NVIC_SetPriorityGrouping                      build/stm32f1xx_hal_cortex.o
                                                  build/stm32f1xx_hal.o
HAL_NVIC_SystemReset                              build/stm32f1xx_hal_cortex.o
                                                  build/stm32f1xx_hal_flash.o
HAL_PWR_ConfigPVD                                 build/stm32f1xx_hal_pwr.o
HAL_PWR_DeInit                                    build/stm32f1xx_hal_pwr.o
HAL_PWR_DisableBkUpAccess                         build/stm32f1xx_hal_pwr.o
HAL_PWR_DisablePVD                                build/stm32f1xx_hal_pwr.o
HAL_PWR_DisableSEVOnPend                          build/stm32f1xx_hal_pwr.o
HAL_PWR_DisableSleepOnExit                        build/stm32f1xx_hal_pwr.o
HAL_PWR_DisableWakeUpPin                          build/stm32f1xx_hal_pwr.o
HAL_PWR_EnableBkUpAccess                          build/stm32f1xx_hal_pwr.o
HAL_PWR_EnablePVD                                 build/stm32f1xx_hal_pwr.o
HAL_PWR_EnableSEVOnPend                           build/stm32f1xx_hal_pwr.o
HAL_PWR_EnableSleepOnExit                         build/stm32f1xx_hal_pwr.o
HAL_PWR_EnableWakeUpPin                           build/stm32f1xx_hal_pwr.o
HAL_PWR_EnterSLEEPMode                            build/stm32f1xx_hal_pwr.o
HAL_PWR_EnterSTANDBYMode                          build/stm32f1xx_hal_pwr.o
HAL_PWR_EnterSTOPMode                             build/stm32f1xx_hal_pwr.o
HAL_PWR_PVDCallback                               build/stm32f1xx_hal_pwr.o
HAL_PWR_PVD_IRQHandler                            build/stm32f1xx_hal_pwr.o
HAL_RCCEx_GetPeriphCLKConfig                      build/stm32f1xx_hal_rcc_ex.o
HAL_RCCEx_GetPeriphCLKFreq                        build/stm32f1xx_hal_rcc_ex.o
HAL_RCCEx_PeriphCLKConfig                         build/stm32f1xx_hal_rcc_ex.o
HAL_RCC_CSSCallback                               build/stm32f1xx_hal_rcc.o
HAL_RCC_ClockConfig                               build/stm32f1xx_hal_rcc.o
                                                  build/main.o
HAL_RCC_DeInit                                    build/stm32f1xx_hal_rcc.o
HAL_RCC_DisableCSS                                build/stm32f1xx_hal_rcc.o
HAL_RCC_EnableCSS                                 build/stm32f1xx_hal_rcc.o
HAL_RCC_GetClockConfig                            build/stm32f1xx_hal_rcc.o
HAL_RCC_GetHCLKFreq                               build/stm32f1xx_hal_rcc.o
HAL_RCC_GetOscConfig                              build/stm32f1xx_hal_rcc.o
HAL_RCC_GetPCLK1Freq                              build/stm32f1xx_hal_rcc.o
                                                  build/stm32f1xx_hal_uart.o
HAL_RCC_GetPCLK2Freq                              build/stm32f1xx_hal_rcc.o
                                                  build/stm32f1xx_hal_uart.o
                                                  build/stm32f1xx_hal_rcc_ex.o
HAL_RCC_GetSysClockFreq                           build/stm32f1xx_hal_rcc.o
HAL_RCC_MCOConfig                                 build/stm32f1xx_hal_rcc.o
HAL_RCC_NMI_IRQHandler                            build/stm32f1xx_hal_rcc.o
HAL_RCC_OscConfig                                 build/stm32f1xx_hal_rcc.o
                                                  build/main.o
HAL_ResumeTick                                    build/stm32f1xx_hal.o
HAL_SPI_Abort                                     build/stm32f1xx_hal_spi.o
HAL_SPI_AbortCpltCallback                         build/stm32f1xx_hal_spi.o
HAL_SPI_Abort_IT                                  build/stm32f1xx_hal_spi.o
HAL_SPI_DMAPause                                  build/stm32f1xx_hal_spi.o
HAL_SPI_DMAResume                                 build/stm32f1xx_hal_spi.o
HAL_SPI_DMAStop                                   build/stm32f1xx_hal_spi.o
HAL_SPI_DeInit                                    build/stm32f1xx_hal_spi.o
HAL_SPI_ErrorCallback                             build/stm32f1xx_hal_spi.o
HAL_SPI_GetError                                  build/stm32f1xx_hal_spi.o
HAL_SPI_GetState                                  build/stm32f1xx_hal_spi.o
HAL_SPI_IRQHandler                                build/stm32f1xx_hal_spi.o
HAL_SPI_Init                                      build/stm32f1xx_hal_spi.o
                                                  build/spi.o
HAL_SPI_MspDeInit                                 build/spi.o
                                                  build/stm32f1xx_hal_spi.o
HAL_SPI_MspInit                                   build/spi.o
                                                  build/stm32f1xx_hal_spi.o
HAL_SPI_Receive                                   build/stm32f1xx_hal_spi.o
                                                  build/AD7794.o
HAL_SPI_Receive_DMA                               build/stm32f1xx_hal_spi.o
HAL_SPI_Receive_IT                                build/stm32f1xx_hal_spi.o
HAL_SPI_RxCpltCallback                            build/stm32f1xx_hal_spi.o
HAL_SPI_RxHalfCpltCallback                        build/stm32f1xx_hal_spi.o
HAL_SPI_Transmit                                  build/stm32f1xx_hal_spi.o
                                                  build/AD7794.o
HAL_SPI_TransmitReceive                           build/stm32f1xx_hal_spi.o
HAL_SPI_TransmitReceive_DMA                       build/stm32f1xx_hal_spi.o
HAL_SPI_TransmitReceive_IT                        build/stm32f1xx_hal_spi.o
HAL_SPI_Transmit_DMA                              build/stm32f1xx_hal_spi.o
HAL_SPI_Transmit_IT                               build/stm32f1xx_hal_spi.o
HAL_SPI_TxCpltCallback                            build/stm32f1xx_hal_spi.o
HAL_SPI_TxHalfCpltCallback                        build/stm32f1xx_hal_spi.o
HAL_SPI_TxRxCpltCallback                          build/stm32f1xx_hal_spi.o
HAL_SPI_TxRxHalfCpltCallback                      build/stm32f1xx_hal_spi.o
HAL_SYSTICK_CLKSourceConfig                       build/stm32f1xx_hal_cortex.o
HAL_SYSTICK_Callback                              build/stm32f1xx_hal_cortex.o
HAL_SYSTICK_Config                                build/stm32f1xx_hal_cortex.o
                                                  build/stm32f1xx_hal.o
HAL_SYSTICK_IRQHandler                            build/stm32f1xx_hal_cortex.o
HAL_SetTickFreq                                   build/stm32f1xx_hal.o
HAL_SuspendTick                                   build/stm32f1xx_hal.o
HAL_UARTEx_GetRxEventType                         build/stm32f1xx_hal_uart.o
HAL_UARTEx_ReceiveToIdle                          build/stm32f1xx_hal_uart.o
HAL_UARTEx_ReceiveToIdle_DMA                      build/stm32f1xx_hal_uart.o
HAL_UARTEx_ReceiveToIdle_IT                       build/stm32f1xx_hal_uart.o
HAL_UARTEx_RxEventCallback                        build/stm32f1xx_hal_uart.o
HAL_UART_Abort                                    build/stm32f1xx_hal_uart.o
HAL_UART_AbortCpltCallback                        build/stm32f1xx_hal_uart.o
HAL_UART_AbortReceive                             build/stm32f1xx_hal_uart.o
HAL_UART_AbortReceiveCpltCallback                 build/stm32f1xx_hal_uart.o
HAL_UART_AbortReceive_IT                          build/stm32f1xx_hal_uart.o
HAL_UART_AbortTransmit                            build/stm32f1xx_hal_uart.o
HAL_UART_AbortTransmitCpltCallback                build/stm32f1xx_hal_uart.o
HAL_UART_AbortTransmit_IT                         build/stm32f1xx_hal_uart.o
HAL_UART_Abort_IT                                 build/stm32f1xx_hal_uart.o
HAL_UART_DMAPause                                 build/stm32f1xx_hal_uart.o
HAL_UART_DMAResume                                build/stm32f1xx_hal_uart.o
HAL_UART_DMAStop                                  build/stm32f1xx_hal_uart.o
HAL_UART_DeInit                                   build/stm32f1xx_hal_uart.o
HAL_UART_ErrorCallback                            build/stm32f1xx_hal_uart.o
HAL_UART_GetError                                 build/stm32f1xx_hal_uart.o
HAL_UART_GetState                                 build/stm32f1xx_hal_uart.o
HAL_UART_IRQHandler                               build/stm32f1xx_hal_uart.o
                                                  build/stm32f1xx_it.o
HAL_UART_Init                                     build/stm32f1xx_hal_uart.o
                                                  build/usart.o
HAL_UART_MspDeInit                                build/usart.o
HAL_UART_MspInit                                  build/usart.o
HAL_UART_Receive                                  build/stm32f1xx_hal_uart.o
HAL_UART_Receive_DMA                              build/stm32f1xx_hal_uart.o
HAL_UART_Receive_IT                               build/stm32f1xx_hal_uart.o
HAL_UART_RxCpltCallback                           build/stm32f1xx_hal_uart.o
HAL_UART_RxHalfCpltCallback                       build/stm32f1xx_hal_uart.o
HAL_UART_Transmit                                 build/stm32f1xx_hal_uart.o
                                                  build/AD7794.o
                                                  build/main.o
HAL_UART_Transmit_DMA                             build/stm32f1xx_hal_uart.o
HAL_UART_Transmit_IT                              build/stm32f1xx_hal_uart.o
HAL_UART_TxCpltCallback                           build/stm32f1xx_hal_uart.o
HAL_UART_TxHalfCpltCallback                       build/stm32f1xx_hal_uart.o
HardFault_Handler                                 build/stm32f1xx_it.o
I2C1_ER_IRQHandler                                build/startup_stm32f103xb.o
I2C1_EV_IRQHandler                                build/startup_stm32f103xb.o
I2C2_ER_IRQHandler                                build/startup_stm32f103xb.o
I2C2_EV_IRQHandler                                build/startup_stm32f103xb.o
MX_GPIO_Init                                      build/gpio.o
                                                  build/main.o
MX_SPI1_Init                                      build/spi.o
                                                  build/main.o
MX_USART1_UART_Init                               build/usart.o
                                                  build/main.o
MemManage_Handler                                 build/stm32f1xx_it.o
NMI_Handler                                       build/stm32f1xx_it.o
PVD_IRQHandler                                    build/startup_stm32f103xb.o
PendSV_Handler                                    build/stm32f1xx_it.o
RCC_IRQHandler                                    build/startup_stm32f103xb.o
RTC_Alarm_IRQHandler                              build/startup_stm32f103xb.o
RTC_IRQHandler                                    build/startup_stm32f103xb.o
Read_16bit                                        build/AD7794.o
Read_24bit                                        build/AD7794.o
Read_8bit                                         build/AD7794.o
Read_All_Regs                                     build/AD7794.o
                                                  build/main.o
Reg16_Reset                                       build/AD7794.o
Reg16_Set                                         build/AD7794.o
Reg8_Reset                                        build/AD7794.o
Reg8_Set                                          build/AD7794.o
Reset_Handler                                     build/startup_stm32f103xb.o
SPI1_IRQHandler                                   build/startup_stm32f103xb.o
SPI2_IRQHandler                                   build/startup_stm32f103xb.o
SVC_Handler                                       build/stm32f1xx_it.o
SysTick_Handler                                   build/stm32f1xx_it.o
SystemClock_Config                                build/main.o
SystemCoreClock                                   build/system_stm32f1xx.o
                                                  build/stm32f1xx_hal_rcc.o
                                                  build/stm32f1xx_hal.o
                                                  build/stm32f1xx_hal_spi.o
SystemCoreClockUpdate                             build/system_stm32f1xx.o
SystemInit                                        build/system_stm32f1xx.o
                                                  build/startup_stm32f103xb.o
TAMPER_IRQHandler                                 build/startup_stm32f103xb.o
TIM1_BRK_IRQHandler                               build/startup_stm32f103xb.o
TIM1_CC_IRQHandler                                build/startup_stm32f103xb.o
TIM1_TRG_COM_IRQHandler                           build/startup_stm32f103xb.o
TIM1_UP_IRQHandler                                build/startup_stm32f103xb.o
TIM2_IRQHandler                                   build/startup_stm32f103xb.o
TIM3_IRQHandler                                   build/startup_stm32f103xb.o
TIM4_IRQHandler                                   build/startup_stm32f103xb.o
UART_Start_Receive_DMA                            build/stm32f1xx_hal_uart.o
UART_Start_Receive_IT                             build/stm32f1xx_hal_uart.o
USART1_IRQHandler                                 build/stm32f1xx_it.o
USART2_IRQHandler                                 build/startup_stm32f103xb.o
USART3_IRQHandler                                 build/startup_stm32f103xb.o
USBWakeUp_IRQHandler                              build/startup_stm32f103xb.o
USB_HP_CAN1_TX_IRQHandler                         build/startup_stm32f103xb.o
USB_LP_CAN1_RX0_IRQHandler                        build/startup_stm32f103xb.o
UsageFault_Handler                                build/stm32f1xx_it.o
WWDG_IRQHandler                                   build/startup_stm32f103xb.o
Write_16bit                                       build/AD7794.o
Write_24bit                                       build/AD7794.o
Write_8bit                                        build/AD7794.o
__bss_end__                                       /home/seradya/toolchains/gcc-arm-none-eabi-10.3-2021.10/bin/../lib/gcc/arm-none-eabi/10.3.1/../../../../arm-none-eabi/lib/thumb/v7-m/nofp/crt0.o
__bss_start__                                     /home/seradya/toolchains/gcc-arm-none-eabi-10.3-2021.10/bin/../lib/gcc/arm-none-eabi/10.3.1/../../../../arm-none-eabi/lib/thumb/v7-m/nofp/crt0.o
__call_exitprocs                                  /home/seradya/toolchains/gcc-arm-none-eabi-10.3-2021.10/bin/../lib/gcc/arm-none-eabi/10.3.1/../../../../arm-none-eabi/lib/thumb/v7-m/nofp/libc_nano.a(lib_a-exit.o)
__deregister_frame_info                           /home/seradya/toolchains/gcc-arm-none-eabi-10.3-2021.10/bin/../lib/gcc/arm-none-eabi/10.3.1/thumb/v7-m/nofp/crtbegin.o
__dso_handle                                      /home/seradya/toolchains/gcc-arm-none-eabi-10.3-2021.10/bin/../lib/gcc/arm-none-eabi/10.3.1/thumb/v7-m/nofp/crtbegin.o
__init_array_end                                  /home/seradya/toolchains/gcc-arm-none-eabi-10.3-2021.10/bin/../lib/gcc/arm-none-eabi/10.3.1/../../../../arm-none-eabi/lib/thumb/v7-m/nofp/libc_nano.a(lib_a-init.o)
__init_array_start                                /home/seradya/toolchains/gcc-arm-none-eabi-10.3-2021.10/bin/../lib/gcc/arm-none-eabi/10.3.1/../../../../arm-none-eabi/lib/thumb/v7-m/nofp/libc_nano.a(lib_a-init.o)
__libc_fini_array                                 /home/seradya/toolchains/gcc-arm-none-eabi-10.3-2021.10/bin/../lib/gcc/arm-none-eabi/10.3.1/../../../../arm-none-eabi/lib/thumb/v7-m/nofp/crt0.o
__libc_init_array                                 /home/seradya/toolchains/gcc-arm-none-eabi-10.3-2021.10/bin/../lib/gcc/arm-none-eabi/10.3.1/../../../../arm-none-eabi/lib/thumb/v7-m/nofp/libc_nano.a(lib_a-init.o)
                                                  build/startup_stm32f103xb.o
                                                  /home/seradya/toolchains/gcc-arm-none-eabi-10.3-2021.10/bin/../lib/gcc/arm-none-eabi/10.3.1/../../../../arm-none-eabi/lib/thumb/v7-m/nofp/crt0.o
__lock___arc4random_mutex                         /home/seradya/toolchains/gcc-arm-none-eabi-10.3-2021.10/bin/../lib/gcc/arm-none-eabi/10.3.1/../../../../arm-none-eabi/lib/thumb/v7-m/nofp/libc_nano.a(lib_a-lock.o)
__lock___at_quick_exit_mutex                      /home/seradya/toolchains/gcc-arm-none-eabi-10.3-2021.10/bin/../lib/gcc/arm-none-eabi/10.3.1/../../../../arm-none-eabi/lib/thumb/v7-m/nofp/libc_nano.a(lib_a-lock.o)
__lock___atexit_recursive_mutex                   /home/seradya/toolchains/gcc-arm-none-eabi-10.3-2021.10/bin/../lib/gcc/arm-none-eabi/10.3.1/../../../../arm-none-eabi/lib/thumb/v7-m/nofp/libc_nano.a(lib_a-lock.o)
__lock___dd_hash_mutex                            /home/seradya/toolchains/gcc-arm-none-eabi-10.3-2021.10/bin/../lib/gcc/arm-none-eabi/10.3.1/../../../../arm-none-eabi/lib/thumb/v7-m/nofp/libc_nano.a(lib_a-lock.o)
__lock___env_recursive_mutex                      /home/seradya/toolchains/gcc-arm-none-eabi-10.3-2021.10/bin/../lib/gcc/arm-none-eabi/10.3.1/../../../../arm-none-eabi/lib/thumb/v7-m/nofp/libc_nano.a(lib_a-lock.o)
__lock___malloc_recursive_mutex                   /home/seradya/toolchains/gcc-arm-none-eabi-10.3-2021.10/bin/../lib/gcc/arm-none-eabi/10.3.1/../../../../arm-none-eabi/lib/thumb/v7-m/nofp/libc_nano.a(lib_a-lock.o)
                                                  /home/seradya/toolchains/gcc-arm-none-eabi-10.3-2021.10/bin/../lib/gcc/arm-none-eabi/10.3.1/../../../../arm-none-eabi/lib/thumb/v7-m/nofp/libc_nano.a(lib_a-mlock.o)
__lock___sfp_recursive_mutex                      /home/seradya/toolchains/gcc-arm-none-eabi-10.3-2021.10/bin/../lib/gcc/arm-none-eabi/10.3.1/../../../../arm-none-eabi/lib/thumb/v7-m/nofp/libc_nano.a(lib_a-lock.o)
__lock___sinit_recursive_mutex                    /home/seradya/toolchains/gcc-arm-none-eabi-10.3-2021.10/bin/../lib/gcc/arm-none-eabi/10.3.1/../../../../arm-none-eabi/lib/thumb/v7-m/nofp/libc_nano.a(lib_a-lock.o)
__lock___tz_mutex                                 /home/seradya/toolchains/gcc-arm-none-eabi-10.3-2021.10/bin/../lib/gcc/arm-none-eabi/10.3.1/../../../../arm-none-eabi/lib/thumb/v7-m/nofp/libc_nano.a(lib_a-lock.o)
__malloc_free_list                                /home/seradya/toolchains/gcc-arm-none-eabi-10.3-2021.10/bin/../lib/gcc/arm-none-eabi/10.3.1/../../../../arm-none-eabi/lib/thumb/v7-m/nofp/libc_nano.a(lib_a-nano-mallocr.o)
                                                  /home/seradya/toolchains/gcc-arm-none-eabi-10.3-2021.10/bin/../lib/gcc/arm-none-eabi/10.3.1/../../../../arm-none-eabi/lib/thumb/v7-m/nofp/libc_nano.a(lib_a-nano-freer.o)
__malloc_lock                                     /home/seradya/toolchains/gcc-arm-none-eabi-10.3-2021.10/bin/../lib/gcc/arm-none-eabi/10.3.1/../../../../arm-none-eabi/lib/thumb/v7-m/nofp/libc_nano.a(lib_a-mlock.o)
                                                  /home/seradya/toolchains/gcc-arm-none-eabi-10.3-2021.10/bin/../lib/gcc/arm-none-eabi/10.3.1/../../../../arm-none-eabi/lib/thumb/v7-m/nofp/libc_nano.a(lib_a-nano-mallocr.o)
                                                  /home/seradya/toolchains/gcc-arm-none-eabi-10.3-2021.10/bin/../lib/gcc/arm-none-eabi/10.3.1/../../../../arm-none-eabi/lib/thumb/v7-m/nofp/libc_nano.a(lib_a-nano-freer.o)
__malloc_sbrk_start                               /home/seradya/toolchains/gcc-arm-none-eabi-10.3-2021.10/bin/../lib/gcc/arm-none-eabi/10.3.1/../../../../arm-none-eabi/lib/thumb/v7-m/nofp/libc_nano.a(lib_a-nano-mallocr.o)
__malloc_unlock                                   /home/seradya/toolchains/gcc-arm-none-eabi-10.3-2021.10/bin/../lib/gcc/arm-none-eabi/10.3.1/../../../../arm-none-eabi/lib/thumb/v7-m/nofp/libc_nano.a(lib_a-mlock.o)
                                                  /home/seradya/toolchains/gcc-arm-none-eabi-10.3-2021.10/bin/../lib/gcc/arm-none-eabi/10.3.1/../../../../arm-none-eabi/lib/thumb/v7-m/nofp/libc_nano.a(lib_a-nano-mallocr.o)
                                                  /home/seradya/toolchains/gcc-arm-none-eabi-10.3-2021.10/bin/../lib/gcc/arm-none-eabi/10.3.1/../../../../arm-none-eabi/lib/thumb/v7-m/nofp/libc_nano.a(lib_a-nano-freer.o)
__preinit_array_end                               /home/seradya/toolchains/gcc-arm-none-eabi-10.3-2021.10/bin/../lib/gcc/arm-none-eabi/10.3.1/../../../../arm-none-eabi/lib/thumb/v7-m/nofp/libc_nano.a(lib_a-init.o)
__preinit_array_start                             /home/seradya/toolchains/gcc-arm-none-eabi-10.3-2021.10/bin/../lib/gcc/arm-none-eabi/10.3.1/../../../../arm-none-eabi/lib/thumb/v7-m/nofp/libc_nano.a(lib_a-init.o)
__register_frame_info                             /home/seradya/toolchains/gcc-arm-none-eabi-10.3-2021.10/bin/../lib/gcc/arm-none-eabi/10.3.1/thumb/v7-m/nofp/crtbegin.o
__retarget_lock_acquire                           /home/seradya/toolchains/gcc-arm-none-eabi-10.3-2021.10/bin/../lib/gcc/arm-none-eabi/10.3.1/../../../../arm-none-eabi/lib/thumb/v7-m/nofp/libc_nano.a(lib_a-lock.o)
__retarget_lock_acquire_recursive                 /home/seradya/toolchains/gcc-arm-none-eabi-10.3-2021.10/bin/../lib/gcc/arm-none-eabi/10.3.1/../../../../arm-none-eabi/lib/thumb/v7-m/nofp/libc_nano.a(lib_a-lock.o)
                                                  /home/seradya/toolchains/gcc-arm-none-eabi-10.3-2021.10/bin/../lib/gcc/arm-none-eabi/10.3.1/../../../../arm-none-eabi/lib/thumb/v7-m/nofp/libc_nano.a(lib_a-mlock.o)
__retarget_lock_close                             /home/seradya/toolchains/gcc-arm-none-eabi-10.3-2021.10/bin/../lib/gcc/arm-none-eabi/10.3.1/../../../../arm-none-eabi/lib/thumb/v7-m/nofp/libc_nano.a(lib_a-lock.o)
__retarget_lock_close_recursive                   /home/seradya/toolchains/gcc-arm-none-eabi-10.3-2021.10/bin/../lib/gcc/arm-none-eabi/10.3.1/../../../../arm-none-eabi/lib/thumb/v7-m/nofp/libc_nano.a(lib_a-lock.o)
__retarget_lock_init                              /home/seradya/toolchains/gcc-arm-none-eabi-10.3-2021.10/bin/../lib/gcc/arm-none-eabi/10.3.1/../../../../arm-none-eabi/lib/thumb/v7-m/nofp/libc_nano.a(lib_a-lock.o)
__retarget_lock_init_recursive                    /home/seradya/toolchains/gcc-arm-none-eabi-10.3-2021.10/bin/../lib/gcc/arm-none-eabi/10.3.1/../../../../arm-none-eabi/lib/thumb/v7-m/nofp/libc_nano.a(lib_a-lock.o)
__retarget_lock_release                           /home/seradya/toolchains/gcc-arm-none-eabi-10.3-2021.10/bin/../lib/gcc/arm-none-eabi/10.3.1/../../../../arm-none-eabi/lib/thumb/v7-m/nofp/libc_nano.a(lib_a-lock.o)
__retarget_lock_release_recursive                 /home/seradya/toolchains/gcc-arm-none-eabi-10.3-2021.10/bin/../lib/gcc/arm-none-eabi/10.3.1/../../../../arm-none-eabi/lib/thumb/v7-m/nofp/libc_nano.a(lib_a-lock.o)
                                                  /home/seradya/toolchains/gcc-arm-none-eabi-10.3-2021.10/bin/../lib/gcc/arm-none-eabi/10.3.1/../../../../arm-none-eabi/lib/thumb/v7-m/nofp/libc_nano.a(lib_a-mlock.o)
__retarget_lock_try_acquire                       /home/seradya/toolchains/gcc-arm-none-eabi-10.3-2021.10/bin/../lib/gcc/arm-none-eabi/10.3.1/../../../../arm-none-eabi/lib/thumb/v7-m/nofp/libc_nano.a(lib_a-lock.o)
__retarget_lock_try_acquire_recursive             /home/seradya/toolchains/gcc-arm-none-eabi-10.3-2021.10/bin/../lib/gcc/arm-none-eabi/10.3.1/../../../../arm-none-eabi/lib/thumb/v7-m/nofp/libc_nano.a(lib_a-lock.o)
__sf_fake_stderr                                  /home/seradya/toolchains/gcc-arm-none-eabi-10.3-2021.10/bin/../lib/gcc/arm-none-eabi/10.3.1/../../../../arm-none-eabi/lib/thumb/v7-m/nofp/libc_nano.a(lib_a-impure.o)
__sf_fake_stdin                                   /home/seradya/toolchains/gcc-arm-none-eabi-10.3-2021.10/bin/../lib/gcc/arm-none-eabi/10.3.1/../../../../arm-none-eabi/lib/thumb/v7-m/nofp/libc_nano.a(lib_a-impure.o)
__sf_fake_stdout                                  /home/seradya/toolchains/gcc-arm-none-eabi-10.3-2021.10/bin/../lib/gcc/arm-none-eabi/10.3.1/../../../../arm-none-eabi/lib/thumb/v7-m/nofp/libc_nano.a(lib_a-impure.o)
__ssprint_r                                       /home/seradya/toolchains/gcc-arm-none-eabi-10.3-2021.10/bin/../lib/gcc/arm-none-eabi/10.3.1/../../../../arm-none-eabi/lib/thumb/v7-m/nofp/libc_nano.a(lib_a-nano-svfprintf.o)
__ssputs_r                                        /home/seradya/toolchains/gcc-arm-none-eabi-10.3-2021.10/bin/../lib/gcc/arm-none-eabi/10.3.1/../../../../arm-none-eabi/lib/thumb/v7-m/nofp/libc_nano.a(lib_a-nano-svfprintf.o)
__stack                                           /home/seradya/toolchains/gcc-arm-none-eabi-10.3-2021.10/bin/../lib/gcc/arm-none-eabi/10.3.1/../../../../arm-none-eabi/lib/thumb/v7-m/nofp/crt0.o
_ebss                                             build/startup_stm32f103xb.o
_edata                                            build/startup_stm32f103xb.o
_estack                                           build/startup_stm32f103xb.o
_exit                                             /home/seradya/toolchains/gcc-arm-none-eabi-10.3-2021.10/bin/../lib/gcc/arm-none-eabi/10.3.1/../../../../arm-none-eabi/lib/thumb/v7-m/nofp/libnosys.a(_exit.o)
                                                  /home/seradya/toolchains/gcc-arm-none-eabi-10.3-2021.10/bin/../lib/gcc/arm-none-eabi/10.3.1/../../../../arm-none-eabi/lib/thumb/v7-m/nofp/libc_nano.a(lib_a-exit.o)
_fini                                             /home/seradya/toolchains/gcc-arm-none-eabi-10.3-2021.10/bin/../lib/gcc/arm-none-eabi/10.3.1/thumb/v7-m/nofp/crti.o
_free_r                                           /home/seradya/toolchains/gcc-arm-none-eabi-10.3-2021.10/bin/../lib/gcc/arm-none-eabi/10.3.1/../../../../arm-none-eabi/lib/thumb/v7-m/nofp/libc_nano.a(lib_a-nano-freer.o)
                                                  /home/seradya/toolchains/gcc-arm-none-eabi-10.3-2021.10/bin/../lib/gcc/arm-none-eabi/10.3.1/../../../../arm-none-eabi/lib/thumb/v7-m/nofp/libc_nano.a(lib_a-reent.o)
                                                  /home/seradya/toolchains/gcc-arm-none-eabi-10.3-2021.10/bin/../lib/gcc/arm-none-eabi/10.3.1/../../../../arm-none-eabi/lib/thumb/v7-m/nofp/libc_nano.a(lib_a-nano-reallocr.o)
                                                  /home/seradya/toolchains/gcc-arm-none-eabi-10.3-2021.10/bin/../lib/gcc/arm-none-eabi/10.3.1/../../../../arm-none-eabi/lib/thumb/v7-m/nofp/libc_nano.a(lib_a-nano-svfprintf.o)
_global_impure_ptr                                /home/seradya/toolchains/gcc-arm-none-eabi-10.3-2021.10/bin/../lib/gcc/arm-none-eabi/10.3.1/../../../../arm-none-eabi/lib/thumb/v7-m/nofp/libc_nano.a(lib_a-impure.o)
                                                  /home/seradya/toolchains/gcc-arm-none-eabi-10.3-2021.10/bin/../lib/gcc/arm-none-eabi/10.3.1/../../../../arm-none-eabi/lib/thumb/v7-m/nofp/libc_nano.a(lib_a-exit.o)
_impure_ptr                                       /home/seradya/toolchains/gcc-arm-none-eabi-10.3-2021.10/bin/../lib/gcc/arm-none-eabi/10.3.1/../../../../arm-none-eabi/lib/thumb/v7-m/nofp/libc_nano.a(lib_a-impure.o)
                                                  /home/seradya/toolchains/gcc-arm-none-eabi-10.3-2021.10/bin/../lib/gcc/arm-none-eabi/10.3.1/../../../../arm-none-eabi/lib/thumb/v7-m/nofp/libc_nano.a(lib_a-reent.o)
                                                  /home/seradya/toolchains/gcc-arm-none-eabi-10.3-2021.10/bin/../lib/gcc/arm-none-eabi/10.3.1/../../../../arm-none-eabi/lib/thumb/v7-m/nofp/libc_nano.a(lib_a-sprintf.o)
_init                                             /home/seradya/toolchains/gcc-arm-none-eabi-10.3-2021.10/bin/../lib/gcc/arm-none-eabi/10.3.1/thumb/v7-m/nofp/crti.o
                                                  /home/seradya/toolchains/gcc-arm-none-eabi-10.3-2021.10/bin/../lib/gcc/arm-none-eabi/10.3.1/../../../../arm-none-eabi/lib/thumb/v7-m/nofp/libc_nano.a(lib_a-init.o)